Order received: 28d1d92b-4003-468a-8859-a5578b037e9e
Order received: 069908fc-d13b-4f99-a233-d5a45f97ad73
Order received: 8f8ff402-2d1b-412c-b461-d1186187c028
Order received: 83287fd9-2479-4645-9c1d-9db642ea5f97
Trade executed: 21 units at 133.460000
Trade executed: 21 units at 133.460000
Order received: 75d3f5a1-4132-4449-9da5-5e919f18dacb
Order received: 7548a81d-cab3-48d2-ae67-3bf32cd78204
Order received: d2f12bdb-6784-49df-b70c-fba9ba6da2c1
Order received: 90ada807-06ff-4d19-9ef1-d2983667a28d
Order received: 7584f92f-7d82-436c-b0b3-bb4f051ad3a4
Order received: 7d652e5c-95d9-4767-80ee-50cb456197ef
Order received: 3512a4df-9750-4e01-9a69-c657c72915e4
Order received: 57e2eed9-9865-411a-b1dc-efdf10d7f211
Order received: 55e1e165-b6a9-4668-a21f-362b413d525e
Trade executed: 18 units at 50.210000
Trade executed: 18 units at 50.210000
Order received: 88f00bbd-2c9c-4ae8-9a0c-0374d0d5c187
Order received: aae31413-9bcb-4573-becb-5681fad2ccbc
Trade executed: 16 units at 83.230000
Trade executed: 16 units at 83.230000
Trade executed: 11 units at 83.230000
Trade executed: 11 units at 83.230000
Order received: 0e33d4b3-08d0-47d2-8709-a1481f775ceb
Order received: f9bba3b9-e716-4147-8f4d-b75d387cf43c
Order received: 25b439e1-8044-466f-8a4d-16f7f46c0880
Order received: 9739d927-5cbd-455b-9cde-3a760a31c1e8
Trade executed: 39 units at 180.480000
Trade executed: 39 units at 180.480000
Order received: 7102d5e5-75c8-42ab-8106-7469e8678c7e
Order received: e557d77f-aef4-4366-82e6-7a62c539e3c8
Trade executed: 23 units at 66.300000
Trade executed: 23 units at 66.300000
Order received: c7c4ac6c-6b2c-4f5d-89d6-5c691ed17d0e
Trade executed: 15 units at 59.390000
Trade executed: 15 units at 59.390000
Trade executed: 17 units at 59.390000
Trade executed: 17 units at 59.390000
Order received: 958a51df-0d49-477e-be93-3527fcffb631
Order received: 1c50eaf3-3f5d-4bf2-9674-81f9f16d7713
Order received: c334d1aa-2ba8-4495-905e-d45c2664660c
Order received: 6fc7a5d5-e280-44af-b901-0c87848420da
Order received: 690bbb16-a094-44e3-b487-94fe88660162
Trade executed: 4 units at 141.040000
Trade executed: 4 units at 141.040000
Order received: 0360120e-36f4-49e9-81ca-e299b52a5081
Trade executed: 18 units at 78.700000
Trade executed: 18 units at 78.700000
Trade executed: 17 units at 78.700000
Trade executed: 17 units at 78.700000
Trade executed: 64 units at 78.700000
Trade executed: 64 units at 78.700000
Order received: d256ace7-d72c-46cc-b04e-44fa8d81ccb1
Order received: ef6cb40f-efa7-4001-827f-1d3478e49747
Order received: f4ebd499-2930-4664-993b-c9a70b4bdc66
Order received: eb5191e3-4d1e-42bc-bd34-6ea5da10df99
Order received: 0d29c7a1-41f6-4774-8ed6-bb25db5bc328
Trade executed: 15 units at 81.020000
Trade executed: 15 units at 81.020000
Order received: 95d41420-a365-42de-87f5-84677e437dd3
Trade executed: 58 units at 66.240000
Trade executed: 58 units at 66.240000
Trade executed: 14 units at 66.240000
Trade executed: 14 units at 66.240000
Order received: 9c13826b-17aa-4325-a764-1f6fe98733d9
Trade executed: 1 units at 104.710000
Trade executed: 1 units at 104.710000
Trade executed: 64 units at 104.710000
Trade executed: 64 units at 104.710000
Trade executed: 18 units at 104.710000
Trade executed: 18 units at 104.710000
Order received: 9d21b0a4-dc1d-4f73-8b02-ef636580b977
Order received: 464bdcde-d1e1-4d7f-864b-753feab4650c
Order received: 5847514a-f7dd-4633-beb5-4bacd8fe4ddd
Order received: 95d0437d-e08e-4a3a-b5b8-b07ab375cc6a
Order received: 14e987fc-53d5-41d5-bd55-2a0325892d43
Trade executed: 17 units at 151.580000
Trade executed: 17 units at 151.580000
Order received: 79a0e312-c346-4bf1-b37a-b86e1621397d
Order received: 109b888b-1be7-49d1-9422-d3a2e4a10252
Trade executed: 45 units at 132.130000
Trade executed: 45 units at 132.130000
Trade executed: 33 units at 132.130000
Trade executed: 33 units at 132.130000
Order received: 91fb2deb-f69a-4ae0-8b93-e4273dc93b36
Order received: 7cba96d8-f199-4085-a67f-c09ad3d68d0c
Order received: 22363b70-1964-4e4c-aeb7-e6e766f81abb
Order received: 48bbd73e-355a-444c-9fa8-6cab33e22915
Order received: d358d04a-1d6d-44ac-8e68-5e278feee463
Order received: 0ab3a736-7b4b-4335-aee4-063b163a03da
Order received: 62558c65-839e-417b-8066-1df491bff02f
Order received: 8c365acc-bdc2-46d3-ac4d-af1bb726169d
Trade executed: 19 units at 101.780000
Trade executed: 19 units at 101.780000
Trade executed: 23 units at 101.780000
Trade executed: 23 units at 101.780000
Order received: 1ab60df8-6f37-44bd-b8d7-b96e1f382813
Trade executed: 28 units at 96.570000
Trade executed: 28 units at 96.570000
Trade executed: 29 units at 96.570000
Trade executed: 29 units at 96.570000
Order received: af67edab-6196-41ba-be38-52b89a4b5ce6
Trade executed: 6 units at 180.480000
Trade executed: 6 units at 180.480000
Trade executed: 31 units at 187.430000
Trade executed: 31 units at 187.430000
Order received: 09ba4f82-7732-483e-9cc7-1d10de56f199
Order received: bce660d2-a592-43d8-aa4b-25c330e00781
Order received: 09b7151f-0f40-4968-a515-79c76de466f1
Order received: 3d81eae7-b0b8-413e-ad8c-779ca8e5c88b
Order received: a2dcc6bb-cd5d-4e60-a8bf-9d18118a6974
Trade executed: 10 units at 90.950000
Trade executed: 10 units at 90.950000
Order received: 833f73e2-5a58-4e52-813e-53b5830e49a8
Order received: 2de84bfe-1e54-459b-ac6b-1c8da3c2c36f
Trade executed: 22 units at 165.020000
Trade executed: 22 units at 165.020000
Order received: 23440c3a-65ab-4336-9a25-ae6550497f1a
Trade executed: 8 units at 64.580000
Trade executed: 8 units at 64.580000
Trade executed: 26 units at 64.580000
Trade executed: 26 units at 64.580000
Order received: 32d49e53-3cd9-4724-8f16-61c493fbcc96
Order received: b8bb7616-b94f-4e98-bf65-939aecba6921
Trade executed: 17 units at 144.550000
Trade executed: 17 units at 144.550000
Order received: 8d33c240-2b72-42c9-8a32-524700be24b7
Order received: 2051f011-930a-410b-b42d-69646f035e64
Trade executed: 5 units at 104.770000
Trade executed: 5 units at 104.770000
Trade executed: 70 units at 104.770000
Trade executed: 70 units at 104.770000
Trade executed: 7 units at 104.770000
Trade executed: 7 units at 104.770000
Order received: 701e21ea-8b5d-40d5-bf3b-2134e6d64375
Trade executed: 2 units at 165.020000
Trade executed: 2 units at 165.020000
Order received: 99811a71-fc73-4dc0-ae63-a614fabc1eb2
Trade executed: 26 units at 165.020000
Trade executed: 26 units at 165.020000
Trade executed: 9 units at 166.840000
Trade executed: 9 units at 166.840000
Order received: d79f41f4-c64d-4626-8ba4-f694799dcf03
Trade executed: 7 units at 105.760000
Trade executed: 7 units at 105.760000
Order received: 1cea5df9-11e6-43ef-a871-5bf59a8f93e3
Order received: c45460f0-ff42-43aa-90d9-d33dcd54f0d0
Trade executed: 8 units at 113.590000
Trade executed: 8 units at 113.590000
Order received: 1189ff50-86ff-459a-bce1-c3647b365986
Trade executed: 18 units at 100.260000
Trade executed: 18 units at 100.260000
Order received: e00b443e-9d10-4bea-9cce-df505aa1c126
Trade executed: 41 units at 166.840000
Trade executed: 41 units at 166.840000
Order received: d6b14460-a2b8-4278-b0dd-c8d2e2b03a23
Order received: 688b7c15-0111-4400-baa2-74a8e0d1ec2a
Order received: 24213fcf-b706-4ef1-80e7-b54ac9596ddf
Order received: adb24638-b505-4b94-a231-2f9cffe703e0
Order received: dcad0431-d617-4d06-b25e-55f599ead59e
Order received: 83336878-a9c2-43b5-9c40-d5d7f6ac08ce
Order received: 8be5dfc2-ed10-48c3-bdc5-281ef95796cd
Order received: 1ceb3b07-28ab-407b-a588-e304ca6ba281
Trade executed: 13 units at 107.020000
Trade executed: 13 units at 107.020000
Trade executed: 30 units at 107.020000
Trade executed: 30 units at 107.020000
Trade executed: 9 units at 107.020000
Trade executed: 9 units at 107.020000
Order received: 2c115820-5b89-4d66-acc9-0e27c1780c1c
Order received: 4a39aed3-c96a-4872-941c-61179f4c5e75
Order received: 62956cd7-c0cc-418c-b744-547863530ae8
Order received: 6b0c74fe-7ca2-4f0a-93b6-5fd954a103bf
Order received: 89f3e69a-2c93-4200-9de0-e8851c671aa0
Order received: d96f3cf3-92a7-4be9-b1df-8c9ac1af7dd9
Order received: 54255d26-7b80-41c1-b0ea-19466b91a96b
Order received: 1ef7342d-119e-4a67-9f1f-3febe4cc0e97
Order received: ee2ab919-67a8-46bc-ba6e-10feda566753
Trade executed: 27 units at 102.090000
Trade executed: 27 units at 102.090000
Order received: 38101140-92e8-40ad-a4d8-85f765b2c0d4
Order received: f4019490-8847-4450-8ae7-311fc7e74e71
Order received: db3a923c-6d9a-4ed1-8faa-987a4f8de828
Order received: 8a222d95-3162-4533-a704-57622b15a519
Order received: fd5c333b-d890-4bda-8a88-a61d24039080
Order received: b6618010-ed8f-4fb2-b7d2-db41d411546a
Trade executed: 43 units at 88.540000
Trade executed: 43 units at 88.540000
Order received: a0ddb839-9b90-40ed-b5ce-8e7f2d56f28d
Order received: 38f8d0a1-d067-4799-8959-0afc19778d34
Order received: c48add61-d369-4a96-a63b-b4119d5dfdcb
Order received: 7d9c75d7-f4df-41fb-9d7b-27388afd6214
Trade executed: 20 units at 132.780000
Trade executed: 20 units at 132.780000
Order received: 26feb7a4-425c-4ff7-8968-bddfa83adfd4
Trade executed: 6 units at 132.780000
Trade executed: 6 units at 132.780000
Trade executed: 7 units at 133.180000
Trade executed: 7 units at 133.180000
Trade executed: 41 units at 141.610000
Trade executed: 41 units at 141.610000
Trade executed: 15 units at 147.350000
Trade executed: 15 units at 147.350000
Order received: 6aefb214-016a-4931-b3c7-a24c65755c5d
Order received: 55bd6d41-7f46-4b9b-adb7-5da727baf2d3
Trade executed: 11 units at 105.770000
Trade executed: 11 units at 105.770000
Trade executed: 6 units at 105.770000
Trade executed: 6 units at 105.770000
Trade executed: 55 units at 105.770000
Trade executed: 55 units at 105.770000
Order received: 9d663a5b-6f4c-4af2-80bb-d3beca5b4284
Trade executed: 14 units at 120.120000
Trade executed: 14 units at 120.120000
Trade executed: 73 units at 120.120000
Trade executed: 73 units at 120.120000
Order received: 186c16d8-dc44-4d49-a9a8-2d1dce39bd1c
Trade executed: 72 units at 147.350000
Trade executed: 72 units at 147.350000
Order received: 8acc5a4b-521a-45dc-8510-6747f36e816e
Order received: 6e839e66-8cf2-46de-956d-fae84e224241
Trade executed: 15 units at 56.570000
Trade executed: 15 units at 56.570000
Trade executed: 53 units at 56.570000
Trade executed: 53 units at 56.570000
Trade executed: 30 units at 56.570000
Trade executed: 30 units at 56.570000
Order received: f618b9d2-dafb-4b5e-96dd-e5364fe96162
Order received: 08f1c0bf-a175-4702-a254-ae9a881bd9dd
Order received: a0892456-90e5-462c-a79b-93e9d7460947
Order received: 9155532d-86fb-489a-9a0c-b1a84df9c9ee
Trade executed: 51 units at 122.470000
Trade executed: 51 units at 122.470000
Trade executed: 2 units at 147.350000
Trade executed: 2 units at 147.350000
Trade executed: 45 units at 148.480000
Trade executed: 45 units at 148.480000
Order received: cf641261-0145-4dfb-8d7d-3b13cf6fb1e5
Order received: 4f9c06c2-b1e6-4b4b-a476-567b04fc091d
Trade executed: 17 units at 83.560000
Trade executed: 17 units at 83.560000
Order received: 951ad4a0-c6ad-4004-bd95-18561fba7445
Trade executed: 24 units at 111.760000
Trade executed: 24 units at 111.760000
Trade executed: 15 units at 111.760000
Trade executed: 15 units at 111.760000
Trade executed: 42 units at 111.760000
Trade executed: 42 units at 111.760000
Trade executed: 11 units at 111.760000
Trade executed: 11 units at 111.760000
Order received: 4d14a3d4-1970-4765-a61a-5d68823e9053
Trade executed: 2 units at 111.760000
Trade executed: 2 units at 111.760000
Trade executed: 34 units at 148.480000
Trade executed: 34 units at 148.480000
Order received: 74d948ce-2cc6-46f7-bda5-dd02a8b73955
Order received: 73a582ba-835e-4d8e-b6ec-d5e395765fb5
Order received: 6414fa8e-8c3b-49df-ae69-cd1459519c7e
Trade executed: 32 units at 93.410000
Trade executed: 32 units at 93.410000
Trade executed: 2 units at 93.410000
Trade executed: 2 units at 93.410000
Order received: 4d932f9f-e013-4024-b56d-d09e39c238a8
Order received: 5a46194e-210f-4e0c-8dba-d6a175978e9c
Order received: 00ae6e41-a5d2-4320-a62c-4b5ca9e51651
Order received: 0277a58c-b379-4ec7-bfcc-110b8e936aa9
Trade executed: 30 units at 83.230000
Trade executed: 30 units at 83.230000
Trade executed: 25 units at 83.230000
Trade executed: 25 units at 83.230000
Order received: a02001f0-1f4e-4457-a90c-c401c04d9b82
Order received: 7805532e-1336-441e-af8b-8df298f195ab
Trade executed: 35 units at 122.260000
Trade executed: 35 units at 122.260000
Order received: 4215f566-019b-4b39-89bf-83b2e5bb2103
Trade executed: 3 units at 114.330000
Trade executed: 3 units at 114.330000
Order received: aaccea1d-b8d6-46a6-8421-18643ab46c59
Order received: b136b336-fe58-4eba-ad19-83b22de3bd7f
Trade executed: 74 units at 82.970000
Trade executed: 74 units at 82.970000
Trade executed: 10 units at 82.970000
Trade executed: 10 units at 82.970000
Order received: f130f689-1acb-44a8-87fb-b23dc7ecf4d6
Order received: d46b741a-cf0d-43d8-b0b2-b627d1b14ba6
Order received: 3eed8f76-a520-4106-b796-32a7ab441c79
Order received: 5534451b-b251-4525-ad90-dff7a1983f19
Order received: 67800975-e335-4cb7-b0c8-085504a3c310
Trade executed: 62 units at 78.500000
Trade executed: 62 units at 78.500000
Order received: 5d1be1a9-2f21-48e5-a666-1297f227427b
Trade executed: 4 units at 83.710000
Trade executed: 4 units at 83.710000
Trade executed: 50 units at 83.710000
Trade executed: 50 units at 83.710000
Order received: 21e7eef3-d1d4-4d59-8021-48f0079a6cd2
Order received: 974172d5-3958-4508-9efa-cb913328289b
Order received: 7afb4ae2-e60a-446e-99c9-4dcab9328726
Order received: 98e8400c-e697-4772-bdea-71417c05edf4
Order received: b694f22c-089e-4c32-b6fb-85971bc5aa54
Trade executed: 20 units at 109.410000
Trade executed: 20 units at 109.410000
Order received: cf6f4641-40a6-481e-ad02-aaf1f3bb65af
Trade executed: 6 units at 109.410000
Trade executed: 6 units at 109.410000
Order received: d46e0b33-d629-43c4-a7ff-6192b7f67082
Trade executed: 34 units at 109.410000
Trade executed: 34 units at 109.410000
Order received: 57da77fb-130e-4610-8483-09ff374ed3b8
Order received: a256b7c1-e4a5-4ede-bf45-9fed26886024
Trade executed: 19 units at 83.280000
Trade executed: 19 units at 83.280000
Trade executed: 5 units at 83.280000
Trade executed: 5 units at 83.280000
Order received: 3ccba3fd-44ad-4a3b-873b-d3dbadeddcb8
Order received: 0329cb40-6d7e-4ce8-90ca-c5405b62f7a0
Trade executed: 15 units at 109.410000
Trade executed: 15 units at 109.410000
Trade executed: 4 units at 114.330000
Trade executed: 4 units at 114.330000
Order received: 9f46958f-23b5-4521-8ed7-39f2c3a33955
Trade executed: 61 units at 114.330000
Trade executed: 61 units at 114.330000
Trade executed: 13 units at 122.260000
Trade executed: 13 units at 122.260000
Order received: a83e701a-f5d4-4137-8ab0-7a3b579b1ec7
Trade executed: 41 units at 122.260000
Trade executed: 41 units at 122.260000
Trade executed: 28 units at 130.220000
Trade executed: 28 units at 130.220000
Order received: 5934f8a1-f7f4-4958-9302-c00e902fdb52
Trade executed: 1 units at 130.220000
Trade executed: 1 units at 130.220000
Trade executed: 31 units at 137.570000
Trade executed: 31 units at 137.570000
Order received: 991edcb4-db90-4589-a9f2-62595f79d927
Order received: cd362ebc-ef60-48af-b956-65cff55fdcae
Trade executed: 63 units at 56.800000
Trade executed: 63 units at 56.800000
Trade executed: 9 units at 56.800000
Trade executed: 9 units at 56.800000
Trade executed: 16 units at 56.800000
Trade executed: 16 units at 56.800000
Order received: 936e6f96-e5f5-40a7-91a6-b48e1d5aec28
Trade executed: 57 units at 71.800000
Trade executed: 57 units at 71.800000
Trade executed: 23 units at 71.800000
Trade executed: 23 units at 71.800000
Order received: c8e1b4d4-6c4f-41bf-bb47-b564fd642169
Order received: aa127abf-4cbf-4bb5-a37c-3162ab7147e1
Order received: 10892f88-379d-463e-a5ba-fd3dd3041030
Trade executed: 57 units at 102.620000
Trade executed: 57 units at 102.620000
Order received: f563b370-35bf-424f-a8e2-6ca8abc57a00
Trade executed: 20 units at 103.640000
Trade executed: 20 units at 103.640000
Order received: 387d15a5-024a-4539-a84b-d89ac13d885f
Trade executed: 49 units at 103.640000
Trade executed: 49 units at 103.640000
Trade executed: 1 units at 137.570000
Trade executed: 1 units at 137.570000
Trade executed: 27 units at 143.730000
Trade executed: 27 units at 143.730000
Order received: 8c584f94-cdda-4e64-9643-4fa32be01d6b
Trade executed: 3 units at 143.730000
Trade executed: 3 units at 143.730000
Trade executed: 51 units at 145.990000
Trade executed: 51 units at 145.990000
Trade executed: 1 units at 147.530000
Trade executed: 1 units at 147.530000
Order received: 06e2a9b2-5e14-4bb5-a0b0-8a678ee17135
Trade executed: 58 units at 60.910000
Trade executed: 58 units at 60.910000
Trade executed: 28 units at 60.910000
Trade executed: 28 units at 60.910000
Order received: 142dbb7a-9365-4c2d-98b3-5398d4aad4a4
Order received: e3cf0c5b-533d-4a95-86a5-f429bd35d7c5
Order received: 410beb24-1559-44e6-a6b7-07fb01a25a9e
Order received: 972831d9-6d3d-4098-849f-25db7f26cf45
Order received: e69bdf9e-5105-44ae-bbcf-6bf9e474bd9a
Order received: 156d42b2-5328-44f5-9a09-0315333c94e5
Trade executed: 8 units at 118.950000
Trade executed: 8 units at 118.950000
Order received: 53dbd68e-d1be-4f5e-b797-eec5f874026d
Order received: 26010b06-05bb-4458-ba01-14def703736e
Order received: 9666abfd-3b7f-4512-871c-18d55677e828
Order received: f09a144d-4631-4147-98af-414d820765c9
Order received: 8660a476-3a5e-46be-9d0c-e724f8243998
Trade executed: 25 units at 108.350000
Trade executed: 25 units at 108.350000
Order received: cec250e0-9492-4ba4-ae4c-e0e1ad48709c
Trade executed: 23 units at 82.420000
Trade executed: 23 units at 82.420000
Trade executed: 2 units at 82.420000
Trade executed: 2 units at 82.420000
Order received: 6c9a40ee-80cb-483e-8525-6c59a0fe24a6
Order received: 64707d24-5e8d-4449-a478-bef933360467
Order received: 12d62958-3f28-4873-afc3-ed92089aada3
Trade executed: 75 units at 100.580000
Trade executed: 75 units at 100.580000
Order received: 80b648c9-f0af-49e4-9e6a-c6dc4283b273
Order received: 6fcc0c48-1e64-4572-9565-ba75eea29952
Order received: 07a27025-6ceb-4ae1-86f0-5623e2e24be0
Order received: d40448c1-6b47-4855-9770-c5270896f0a8
Order received: 281f6acf-e4a8-402d-ac36-ed27ff544530
Order received: c208328c-bf82-41c4-854a-a9ae336d9439
Order received: 4783e415-b262-47f9-952f-f3834a61fffc
Order received: b42022be-df7e-49ea-8e9c-4f7cfedca18d
Order received: 93212950-bd77-49cc-90f5-283d9f7ec921
Trade executed: 53 units at 147.530000
Trade executed: 53 units at 147.530000
Order received: 24b9664d-fc0f-49b2-a5a9-6ba91173e2cc
Trade executed: 52 units at 112.570000
Trade executed: 52 units at 112.570000
Trade executed: 12 units at 112.570000
Trade executed: 12 units at 112.570000
Order received: 2240ccce-5ea3-4818-9a5d-d2a1a7e05ff5
Trade executed: 19 units at 127.000000
Trade executed: 19 units at 127.000000
Trade executed: 7 units at 127.000000
Trade executed: 7 units at 127.000000
Order received: faae82be-d0e7-4005-9c8e-14844101aed0
Trade executed: 27 units at 63.720000
Trade executed: 27 units at 63.720000
Trade executed: 23 units at 63.720000
Trade executed: 23 units at 63.720000
Order received: fdd59f49-5368-4977-8d8f-802c98db8d05
Trade executed: 2 units at 127.000000
Trade executed: 2 units at 127.000000
Trade executed: 27 units at 147.530000
Trade executed: 27 units at 147.530000
Order received: bfbfe899-bd7f-483e-b101-a3c51afe43b4
Trade executed: 4 units at 147.530000
Trade executed: 4 units at 147.530000
Trade executed: 2 units at 148.480000
Trade executed: 2 units at 148.480000
Trade executed: 63 units at 154.360000
Trade executed: 63 units at 154.360000
Trade executed: 14 units at 162.060000
Trade executed: 14 units at 162.060000
Order received: ad8bff87-f3f5-4a7b-b4e3-211ca859040f
Order received: b0f7dc79-3d78-472c-963e-df220bf7a47e
Order received: 0b71b3ad-ac27-401c-9931-1a277f812270
Order received: 5a6165b8-dadc-4eea-9e3c-d4f4ba274435
Order received: ec607a65-9731-485b-8ffe-ab817ac485ec
Order received: 4ba3fb84-cc28-4e02-a6c2-4e63439c59c8
Order received: 69ea5731-aa97-4969-9504-54c1a2134026
Trade executed: 5 units at 122.020000
Trade executed: 5 units at 122.020000
Trade executed: 75 units at 122.700000
Trade executed: 75 units at 122.700000
Order received: cca025ec-faa1-4ef9-a335-707856663fe3
Trade executed: 21 units at 103.220000
Trade executed: 21 units at 103.220000
Order received: f5d9e259-3296-4b13-8c26-a383235fe955
Trade executed: 18 units at 122.700000
Trade executed: 18 units at 122.700000
Order received: af428585-f1c1-4773-be2e-ac0bbf3b5f5f
Trade executed: 50 units at 128.630000
Trade executed: 50 units at 128.630000
Order received: b24d8013-3d42-4857-81b3-a6aa885ec243
Trade executed: 28 units at 137.730000
Trade executed: 28 units at 137.730000
Order received: 90076fd5-df58-4df0-8da7-77473543a67f
Trade executed: 13 units at 137.730000
Trade executed: 13 units at 137.730000
Order received: e757bc09-1187-43ae-8d51-7f83657292e1
Trade executed: 51 units at 137.730000
Trade executed: 51 units at 137.730000
Trade executed: 13 units at 162.060000
Trade executed: 13 units at 162.060000
Order received: ed9ea549-7e9b-435b-86cc-dc26ed450f89
Order received: c5de5056-125b-45d1-b89e-af472007d0fc
Order received: 096671cc-2d58-4098-a3d1-0bb640c19cfe
Trade executed: 31 units at 90.570000
Trade executed: 31 units at 90.570000
Trade executed: 61 units at 90.570000
Trade executed: 61 units at 90.570000
Order received: c9f058d0-ba64-470c-af6c-efc2825dea29
Order received: f37cd9a1-f71c-4e16-be48-6a8f5bee6bf2
Order received: 8715992f-6c8d-4786-af62-1e838dd8fbef
Trade executed: 68 units at 146.570000
Trade executed: 68 units at 146.570000
Order received: 52532b20-8dd4-48dc-a987-f496d2beed77
Trade executed: 6 units at 83.460000
Trade executed: 6 units at 83.460000
Order received: b0ee855a-357e-497d-92b4-055ff1f07192
Order received: e1558b26-0fb9-44f7-bb80-48455cc664f7
Trade executed: 6 units at 80.800000
Trade executed: 6 units at 80.800000
Trade executed: 34 units at 80.800000
Trade executed: 34 units at 80.800000
Trade executed: 42 units at 80.800000
Trade executed: 42 units at 80.800000
Trade executed: 13 units at 80.800000
Trade executed: 13 units at 80.800000
Order received: c45a0580-f3f4-4ac8-996d-581f81ccde24
Trade executed: 27 units at 146.570000
Trade executed: 27 units at 146.570000
Trade executed: 17 units at 162.060000
Trade executed: 17 units at 162.060000
Trade executed: 34 units at 163.490000
Trade executed: 34 units at 163.490000
Trade executed: 2 units at 165.460000
Trade executed: 2 units at 165.460000
Trade executed: 14 units at 166.840000
Trade executed: 14 units at 166.840000
Order received: 72049e4c-3267-4cad-80e1-624b07000218
Trade executed: 10 units at 166.840000
Trade executed: 10 units at 166.840000
Order received: a4ae518f-da79-4b99-a2c4-72b4a258fdbe
Order received: e0a7d955-7662-4023-9b49-56af262844bf
Order received: eade7128-50eb-448c-99f2-7a9674daf1ac
Order received: e965029d-f190-4aca-9779-2cd4fbde5b20
Trade executed: 9 units at 148.790000
Trade executed: 9 units at 148.790000
Trade executed: 26 units at 166.840000
Trade executed: 26 units at 166.840000
Trade executed: 38 units at 166.970000
Trade executed: 38 units at 166.970000
Order received: ffdb8754-3ab4-4896-a2c0-af4cbeb8472e
Trade executed: 32 units at 107.180000
Trade executed: 32 units at 107.180000
Order received: f82c1dc2-4c7a-4b40-8055-40af2aa180ff
Order received: 143e394c-38bc-461e-b911-b5873aab6350
Order received: a6a0475b-76dc-4dea-9305-d5e8e1e92e15
Order received: b7eedffc-a47e-460b-9397-5c3b1d694819
Order received: 7f18a86a-750d-41d0-a117-a75b24de5d92
Order received: d618c85a-07a2-4eb4-a7b3-c61666e1f9eb
Order received: 28a90335-2170-4222-b22e-1c811175c70d
Trade executed: 24 units at 142.320000
Trade executed: 24 units at 142.320000
Order received: e921d1e1-8d74-4f52-83b4-b972e7615054
Order received: 87f7dab2-0faf-43ae-a0f7-d73b74617e5d
Order received: e31fbaa8-8d03-4536-bbb0-b306f0cd9528
Trade executed: 29 units at 74.710000
Trade executed: 29 units at 74.710000
Order received: b138d192-4005-4eb4-8095-a9cd01e4a76c
Trade executed: 56 units at 83.530000
Trade executed: 56 units at 83.530000
Trade executed: 12 units at 83.530000
Trade executed: 12 units at 83.530000
Order received: e28863f4-619e-4e39-841c-713f1ac6db07
Trade executed: 36 units at 114.280000
Trade executed: 36 units at 114.280000
Order received: 8ebfb748-ad78-496a-a49c-38f7f6aa22dc
Trade executed: 10 units at 142.320000
Trade executed: 10 units at 142.320000
Trade executed: 20 units at 150.200000
Trade executed: 20 units at 150.200000
Order received: 6fd17731-0b08-4118-b30b-4d8b3b14987c
Trade executed: 48 units at 150.200000
Trade executed: 48 units at 150.200000
Order received: 0169c3a0-061e-48b7-ac8f-e8709de393e2
Trade executed: 22 units at 133.620000
Trade executed: 22 units at 133.620000
Order received: 94dd06e7-451a-4984-8e0f-815b5c693e7d
Order received: f603ad4e-af28-43eb-9171-62f045ac0a9d
Order received: 150d4c21-f17d-454a-8b02-16a2625ffb14
Order received: 87714173-6f08-4a7b-80f8-f37385d12826
Order received: 7318408b-31c4-46c3-b3cd-222e5a5a72c7
Trade executed: 5 units at 156.830000
Trade executed: 5 units at 156.830000
Order received: 434a4c49-3e20-4fe1-9213-6adaa979ed38
Trade executed: 1 units at 96.050000
Trade executed: 1 units at 96.050000
Trade executed: 59 units at 96.050000
Trade executed: 59 units at 96.050000
Trade executed: 36 units at 96.050000
Trade executed: 36 units at 96.050000
Order received: 78e23923-ae3c-49ef-b8b1-7d082d51aa68
Trade executed: 55 units at 156.830000
Trade executed: 55 units at 156.830000
Trade executed: 7 units at 166.970000
Trade executed: 7 units at 166.970000
Trade executed: 11 units at 167.220000
Trade executed: 11 units at 167.220000
Order received: 3af6db60-94c7-4916-beaf-e8876f97e2a2
Order received: ea731364-ab2f-4bbd-a77c-f96bc9af38a0
Trade executed: 24 units at 137.200000
Trade executed: 24 units at 137.200000
Order received: 6d785134-a09b-4be9-abb4-d98e0e0eee32
Trade executed: 8 units at 87.880000
Trade executed: 8 units at 87.880000
Order received: 80145984-4f80-47ea-ad77-988f0684e4cd
Order received: a604b1ed-a379-4534-992a-61b544746f6d
Trade executed: 13 units at 137.200000
Trade executed: 13 units at 137.200000
Trade executed: 1 units at 167.220000
Trade executed: 1 units at 167.220000
Order received: c6840cd2-9de1-4c4b-ab9a-a56eddd5466e
Trade executed: 10 units at 120.180000
Trade executed: 10 units at 120.180000
Order received: c92cd65b-6ed0-4c10-a347-f3503c4c0b63
Order received: df6677e4-0803-4cea-864e-96e23d1abc27
Order received: b57e51a5-2860-4187-9535-1d58c09d6a5c
Trade executed: 2 units at 51.360000
Trade executed: 2 units at 51.360000
Order received: 533791b6-e27a-472a-a351-56c1a1e2135c
Trade executed: 11 units at 167.220000
Trade executed: 11 units at 167.220000
Trade executed: 25 units at 169.170000
Trade executed: 25 units at 169.170000
Trade executed: 46 units at 169.710000
Trade executed: 46 units at 169.710000
Order received: a672a1f6-7180-43f4-b709-c852eb8cc2d7
Order received: 7797dc39-6da9-4b79-9ae1-c617e83b2d14
Order received: ab5c5cae-1c5c-4342-8fbe-a4952719a480
Order received: d2dd2793-10a0-4b98-95bf-7c16631c39af
Order received: 58804618-5251-41c3-88ec-404c507169b4
Trade executed: 77 units at 89.940000
Trade executed: 77 units at 89.940000
Order received: 7a8fb328-a81c-4a9e-9932-72cf301068ca
Trade executed: 42 units at 155.050000
Trade executed: 42 units at 155.050000
Order received: 44e8e6fd-6941-4724-836e-3cecde0d5019
Trade executed: 13 units at 155.050000
Trade executed: 13 units at 155.050000
Order received: 8f1f5f2a-bbce-4a93-83f6-971991a20eda
Order received: 7fe03cb0-3b38-4197-904a-fa562796e06c
Trade executed: 10 units at 137.650000
Trade executed: 10 units at 137.650000
Order received: 38b9de94-54f0-4883-b657-f2a16069917e
Trade executed: 59 units at 137.650000
Trade executed: 59 units at 137.650000
Order received: 5daa001f-708a-4d4f-aa20-2a37cf5685fa
Order received: 66f8e7cc-b8f3-4a92-8b85-e07fd44ec65c
Trade executed: 35 units at 87.430000
Trade executed: 35 units at 87.430000
Order received: 081c34e1-f48e-43f2-9741-282c1cd82b95
Trade executed: 4 units at 78.610000
Trade executed: 4 units at 78.610000
Order received: 3d3a5677-3b9c-4cf3-82fd-97816c650696
Order received: 01d14979-3308-41ad-b779-28f95580c730
Trade executed: 82 units at 57.780000
Trade executed: 82 units at 57.780000
Trade executed: 1 units at 57.780000
Trade executed: 1 units at 57.780000
Order received: 07b2e89e-6327-436b-ae4f-0b13690b2d6f
Order received: f1bad1de-075c-4195-bfc1-e120d9f8bd04
Trade executed: 3 units at 71.710000
Trade executed: 3 units at 71.710000
Trade executed: 18 units at 71.710000
Trade executed: 18 units at 71.710000
Order received: fdfaae12-96bb-45dd-ac0f-b98207393e86
Order received: 36435748-11c1-4507-b89e-81660680adec
Order received: 4e2c4157-52a3-4bfb-a0e9-35039f661cd3
Trade executed: 35 units at 53.600000
Trade executed: 35 units at 53.600000
Order received: b0b2a553-e3e1-45c9-8851-4117d526aa7f
Order received: 7db0d76c-6304-4cc5-ab1a-3bd822a41d8b
Order received: b067e8fb-f8ca-4cda-bf44-3b91bf748bd6
Trade executed: 4 units at 100.140000
Trade executed: 4 units at 100.140000
Order received: 13cf1582-ff0d-42d4-8976-9519635f2a43
Trade executed: 43 units at 60.920000
Trade executed: 43 units at 60.920000
Order received: 88bf953c-462d-4427-b8ac-ac321d1a7102
Order received: e3b5abcc-62d5-4436-8541-7571b43c2954
Trade executed: 12 units at 137.650000
Trade executed: 12 units at 137.650000
Order received: 4918ceb1-5080-40b8-8a93-6cbcb846efb1
Trade executed: 4 units at 137.650000
Trade executed: 4 units at 137.650000
Order received: a044afb2-3f14-4c21-9f12-343c2e726629
Trade executed: 6 units at 82.450000
Trade executed: 6 units at 82.450000
Trade executed: 2 units at 82.450000
Trade executed: 2 units at 82.450000
Trade executed: 54 units at 82.450000
Trade executed: 54 units at 82.450000
Trade executed: 11 units at 82.450000
Trade executed: 11 units at 82.450000
Order received: 8bb04617-53cc-4560-8deb-dc25338ab2a1
Trade executed: 30 units at 167.860000
Trade executed: 30 units at 167.860000
Trade executed: 9 units at 169.710000
Trade executed: 9 units at 169.710000
Trade executed: 27 units at 170.550000
Trade executed: 27 units at 170.550000
Order received: c48d27d6-ce4e-45b5-a158-4b730f0ce24e
Trade executed: 23 units at 170.550000
Trade executed: 23 units at 170.550000
Order received: 7656e543-7149-411a-bb61-7c032143a104
Trade executed: 27 units at 67.250000
Trade executed: 27 units at 67.250000
Trade executed: 29 units at 67.250000
Trade executed: 29 units at 67.250000
Trade executed: 1 units at 67.250000
Trade executed: 1 units at 67.250000
Order received: 6fa435c6-c809-47ef-9148-3f73e6c6e766
Trade executed: 36 units at 71.400000
Trade executed: 36 units at 71.400000
Trade executed: 45 units at 71.400000
Trade executed: 45 units at 71.400000
Order received: ac955855-c068-4e15-abea-928d394314d7
Order received: 7bafa360-ba81-4dab-b052-36167ba4fd58
Trade executed: 4 units at 137.490000
Trade executed: 4 units at 137.490000
Order received: 634081a7-c2e9-4991-9860-c1954be6fd39
Trade executed: 36 units at 137.490000
Trade executed: 36 units at 137.490000
Order received: 2f568c9e-ca12-4bce-8b18-e30ed89a40de
Order received: cd7518a3-c1cb-4c32-9b1c-bf8698195be3
Order received: a9328acf-7ce9-4359-89cb-ebbca380ef73
Order received: 4559a324-e4c8-48e6-895e-2dc34c39f117
Trade executed: 24 units at 64.940000
Trade executed: 24 units at 64.940000
Trade executed: 21 units at 64.940000
Trade executed: 21 units at 64.940000
Order received: 483b7995-7cd3-4835-83b9-686f9c2f3b80
Order received: e6992caa-e566-4eb9-9eeb-9586cff0325e
Trade executed: 11 units at 137.490000
Trade executed: 11 units at 137.490000
Order received: 65494be7-1000-4172-a96d-f70f0474aa92
Trade executed: 56 units at 86.500000
Trade executed: 56 units at 86.500000
Order received: 247bc326-efc3-48e5-9914-2beec0997be3
Order received: ef97d71f-405e-4c6d-b2f7-cf372df0a228
Order received: b716ba8c-ec2e-458f-bbfb-32c31ece451f
Trade executed: 2 units at 131.240000
Trade executed: 2 units at 131.240000
Trade executed: 52 units at 131.240000
Trade executed: 52 units at 131.240000
Order received: 099e57ab-fc80-47c0-8e1a-eb50b0719c33
Order received: 38c5049b-adc2-4b9c-84e1-43a9b14698f3
Trade executed: 5 units at 65.340000
Trade executed: 5 units at 65.340000
Trade executed: 13 units at 65.340000
Trade executed: 13 units at 65.340000
Order received: 6435ddcd-a8ef-4516-96a0-57037f3943e7
Order received: 3a798132-4067-49a3-995e-f99e164224e6
Trade executed: 18 units at 102.060000
Trade executed: 18 units at 102.060000
Trade executed: 6 units at 102.060000
Trade executed: 6 units at 102.060000
Trade executed: 35 units at 102.060000
Trade executed: 35 units at 102.060000
Trade executed: 15 units at 102.060000
Trade executed: 15 units at 102.060000
Order received: 96243e16-b9f0-417c-81a1-4d21a8f1d6f1
Order received: 5a846554-b31a-4d7c-ad7c-2113a734257f
Order received: 57db76b9-769b-49df-8252-ce807f776498
Trade executed: 47 units at 128.190000
Trade executed: 47 units at 128.190000
Order received: 00fdba8c-70a0-4077-9042-790731fb9557
Trade executed: 32 units at 170.550000
Trade executed: 32 units at 170.550000
Trade executed: 10 units at 173.100000
Trade executed: 10 units at 173.100000
Order received: bfe32495-bf1a-45be-841d-0bd42653c93c
Order received: b6bf2590-68b7-4824-bd52-de238c4279d8
Trade executed: 10 units at 129.770000
Trade executed: 10 units at 129.770000
Order received: 139a23d7-acaa-4c9d-9f41-11cadb7b5f45
Order received: 1ba017f8-be94-459e-b118-3dc94069ea64
Trade executed: 72 units at 129.770000
Trade executed: 72 units at 129.770000
Order received: c17a0b66-dad8-4bf8-8558-f7dc7c0d4145
Trade executed: 6 units at 129.770000
Trade executed: 6 units at 129.770000
Trade executed: 28 units at 166.310000
Trade executed: 28 units at 166.310000
Trade executed: 11 units at 173.100000
Trade executed: 11 units at 173.100000
Order received: 516b3536-256c-473f-b0f0-27f85e5127ff
Trade executed: 28 units at 173.100000
Trade executed: 28 units at 173.100000
Order received: dd58856f-58a3-4700-adbe-bf113dbf01c4
Order received: f360b9c0-2baa-4d78-9b1b-2799e3d86a3a
Trade executed: 35 units at 123.120000
Trade executed: 35 units at 123.120000
Order received: 165bd0e5-d774-47ee-b3e3-b06ceab69be4
Order received: 27536cb1-c19e-4dcd-8113-5d300728ef31
Trade executed: 33 units at 82.720000
Trade executed: 33 units at 82.720000
Trade executed: 8 units at 82.720000
Trade executed: 8 units at 82.720000
Trade executed: 31 units at 82.720000
Trade executed: 31 units at 82.720000
Trade executed: 24 units at 82.720000
Trade executed: 24 units at 82.720000
Order received: 5be0b824-fcfa-4455-9c5a-f23e5c2a335b
Order received: 5992329e-2a82-44fb-8ee8-bd0d9496ed3b
Trade executed: 58 units at 105.590000
Trade executed: 58 units at 105.590000
Order received: f080342a-96a4-4695-ae84-e4e6ddab4876
Trade executed: 1 units at 105.590000
Trade executed: 1 units at 105.590000
Order received: 017565ae-cd3e-4e41-82d8-bc3396f58471
Trade executed: 14 units at 105.590000
Trade executed: 14 units at 105.590000
Order received: 28ccbaf3-7cbf-4374-8d34-0a12ae568410
Trade executed: 26 units at 63.330000
Trade executed: 26 units at 63.330000
Trade executed: 46 units at 63.330000
Trade executed: 46 units at 63.330000
Order received: a5503151-e529-4d5d-aaef-805fff10420a
Order received: 3aee43fc-cbd5-43ee-9dc5-bb5ba1318ff9
Order received: 6e7ead23-7dcc-4010-a155-95d8932f136f
Order received: ea05233e-ac73-458f-aa63-8122ba47c9e0
Trade executed: 7 units at 107.790000
Trade executed: 7 units at 107.790000
Trade executed: 34 units at 115.420000
Trade executed: 34 units at 115.420000
Trade executed: 7 units at 123.120000
Trade executed: 7 units at 123.120000
Order received: e1cf305a-6ead-48f8-94bd-de6fbf5e0824
Order received: a479641b-9dca-43d6-a83e-033327e7c6b1
Trade executed: 7 units at 123.120000
Trade executed: 7 units at 123.120000
Order received: 8c796c5d-ae22-4ede-828c-6391a4216e4b
Order received: 15b9aa6f-5cc7-4582-ad36-2c323177dda8
Order received: 92cf1682-df42-480f-863b-0647cd4e62f3
Order received: 2416ec31-f0e1-4d6a-a727-c2e2953c0538
Order received: 15b8744f-b78f-4132-852a-5dd0c388f8b3
Order received: 7713d266-cfac-45c0-9569-c572aeb3c7f0
Order received: 875b2c3b-2349-4cfc-aae4-1895008fb703
Trade executed: 10 units at 118.530000
Trade executed: 10 units at 118.530000
Order received: 8ad2eb7c-9738-4cac-8aed-0f2302431f5f
Order received: a4dd0725-578a-48ee-b11c-f698577fe18a
Trade executed: 7 units at 91.130000
Trade executed: 7 units at 91.130000
Order received: 039fe44d-36f2-47c5-8b62-13e5abf1db9d
Order received: 33cb5fc8-b522-443f-ba12-3a11a8a3167c
Order received: 427837ce-befe-4c1f-b02d-68b9f3d3f053
Trade executed: 21 units at 157.300000
Trade executed: 21 units at 157.300000
Order received: c4f1f8de-fdc4-42f5-9c28-9c481f31bc9c
Order received: c2a56503-30ad-43bc-83e5-618675257d93
Trade executed: 37 units at 53.120000
Trade executed: 37 units at 53.120000
Trade executed: 22 units at 53.120000
Trade executed: 22 units at 53.120000
Order received: b1ef037b-b517-4aa9-9150-6d11b6621ee4
Order received: d6e631be-71ac-4d14-9007-6bc42b709d2c
Order received: 66532de7-6647-4b99-a069-3d7f69879b5e
Order received: c751b98f-d81e-46aa-9ca8-791423796b3c
Order received: 635c21d8-300b-404e-bdce-e405e9d93e37
Order received: f90867f7-e1c5-43c8-8452-a1147981f43b
Order received: 5b9b17cf-d909-4dad-8981-18518b08721d
Trade executed: 43 units at 107.930000
Trade executed: 43 units at 107.930000
Trade executed: 14 units at 107.930000
Trade executed: 14 units at 107.930000
Order received: f0164dda-46ae-45c4-9a85-8a3a66f7f8ff
Trade executed: 82 units at 83.400000
Trade executed: 82 units at 83.400000
Order received: 8aa6fdf6-e4f7-4e29-96da-62fbe76df117
Order received: 67979efd-8c8f-468f-96c7-5c1faa5cc7db
Order received: cd250f6f-225b-4d4e-8ce8-224a8f713f36
Order received: 86d2dc46-f572-41fa-829e-d6f1c60bc0af
Order received: e7a0ead5-de50-4c3f-812b-925e6d9a0c95
Trade executed: 8 units at 157.300000
Trade executed: 8 units at 157.300000
Trade executed: 1 units at 161.220000
Trade executed: 1 units at 161.220000
Order received: 1b5cf502-47d8-46af-8887-39b0fd1e44d7
Order received: b8fdc984-54cd-4a1e-a2d8-a243cc30dd05
Order received: f8ad0181-be82-4cf4-80c2-2a017e237d37
Order received: 9e5e7c61-edc0-4c1a-9205-5b466e51253c
Order received: be059167-81f8-4a69-b911-d8dfb1df3959
Order received: ce6e7830-8540-4872-adae-3c495bf9e376
Trade executed: 25 units at 161.220000
Trade executed: 25 units at 161.220000
Trade executed: 61 units at 163.760000
Trade executed: 61 units at 163.760000
Order received: 3969e834-5456-46d4-88b4-9a33c510b357
Order received: b67378b1-d7f2-43ae-9a88-8f47976aafce
Trade executed: 16 units at 61.400000
Trade executed: 16 units at 61.400000
Order received: e0caed88-e632-42c9-87b5-153adf4119e5
Order received: 04f172fc-efa8-4dbe-be1e-31bbb8582ab0
Order received: 4dbfaffe-fd4c-4e3b-a517-4cb4f593df5b
Order received: 48a576b2-ca94-4a2b-b5ee-1a1fdd73f7ad
Order received: d6698839-42e5-4374-ae74-7e9722e0845a
Trade executed: 19 units at 151.170000
Trade executed: 19 units at 151.170000
Order received: 5a5ba32d-98fd-46ca-8cff-92aa4fd53f2b
Order received: 83731e69-7d80-4ac7-b760-c4410b837676
Trade executed: 2 units at 91.570000
Trade executed: 2 units at 91.570000
Trade executed: 18 units at 91.570000
Trade executed: 18 units at 91.570000
Trade executed: 58 units at 91.570000
Trade executed: 58 units at 91.570000
Order received: 9d4bc561-85c2-40dc-8a25-b187f7dc6f6c
Order received: c480870b-3e9f-4b7c-b22e-af689ac2eaef
Trade executed: 18 units at 61.550000
Trade executed: 18 units at 61.550000
Order received: ebe190ac-47d9-459f-8e5a-d3e285557154
Trade executed: 3 units at 79.490000
Trade executed: 3 units at 79.490000
Trade executed: 6 units at 79.490000
Trade executed: 6 units at 79.490000
Trade executed: 27 units at 79.490000
Trade executed: 27 units at 79.490000
Order received: 172f7549-41fc-43f1-a778-22325a172605
Order received: 005f1071-c7bc-4c7c-b3da-02c4b3fee90d
Order received: c15864bd-650f-460f-a9be-17ed7b37e07a
Order received: 14e34652-e387-4e9f-adac-5cc9b4bede5c
Order received: 1f08088d-3fe3-4d58-8c0f-b69e684519a8
Order received: 7c94342a-a81b-4668-9e39-243b3907dbf0
Trade executed: 34 units at 71.890000
Trade executed: 34 units at 71.890000
Order received: 00bbda70-aed7-43df-83df-38f1f3cbe61f
Order received: 2d7452fc-875e-4217-b547-a1e30d269d5b
Order received: b46a78ee-e2ee-486c-9377-4e4c86d5ebe8
Order received: f963c4ff-87e5-4197-9f35-ac6dde906846
Trade executed: 39 units at 147.940000
Trade executed: 39 units at 147.940000
Order received: 86b9785b-66c4-4aac-b0c6-efd23b857c36
Trade executed: 65 units at 113.120000
Trade executed: 65 units at 113.120000
Trade executed: 35 units at 113.120000
Trade executed: 35 units at 113.120000
Order received: 5ffa449f-016b-41f8-b09e-e8337a3332e2
Order received: 9d606555-5895-46c1-9d0f-37259f3b38bb
Order received: 495bcf38-abed-43d1-9ef7-ebd617ee9ce3
Trade executed: 16 units at 147.940000
Trade executed: 16 units at 147.940000
Order received: d116e04a-feec-45af-bb87-80bf25b2f0a6
Trade executed: 18 units at 92.670000
Trade executed: 18 units at 92.670000
Trade executed: 31 units at 92.670000
Trade executed: 31 units at 92.670000
Trade executed: 51 units at 92.670000
Trade executed: 51 units at 92.670000
Order received: 5a570de4-99e0-4387-8f2e-9de65d53a37e
Order received: 1040a9fd-d6cf-46de-b96e-64593d729243
Order received: 034725fa-47af-45a7-913c-4e5046e82980
Trade executed: 24 units at 85.830000
Trade executed: 24 units at 85.830000
Trade executed: 42 units at 85.830000
Trade executed: 42 units at 85.830000
Order received: 16c0cd9d-d32d-4153-9b14-93300c565c37
Order received: effacd98-d5b0-45d8-939e-b00a837b108b
Order received: 811e22a8-3a28-4df0-8ab4-6be229c07f89
Trade executed: 32 units at 133.420000
Trade executed: 32 units at 133.420000
Trade executed: 24 units at 147.940000
Trade executed: 24 units at 147.940000
Order received: 5c8ff3b9-1b27-445e-953b-a95dd33a0c6f
Order received: 50d1a6cc-b7bb-4870-8c76-beb3aa1b06c1
Order received: aede461d-8d48-42a2-8472-ce0e90d1bae2
Order received: 57bc51f2-79ce-4d41-a6b7-2bf360c6a551
Trade executed: 21 units at 147.940000
Trade executed: 21 units at 147.940000
Trade executed: 35 units at 151.170000
Trade executed: 35 units at 151.170000
Trade executed: 10 units at 153.020000
Trade executed: 10 units at 153.020000
Order received: 0f4dc221-7dbe-4aa0-86b7-ab49a0e401cc
Trade executed: 16 units at 123.220000
Trade executed: 16 units at 123.220000
Trade executed: 5 units at 123.220000
Trade executed: 5 units at 123.220000
Order received: 3e03f222-5f42-469c-a303-cd302f2c74e5
Order received: 8ae691df-baf4-4015-825e-6dac6cc46534
Order received: e52ccc51-646e-44a3-a034-57b9f861c4f0
Trade executed: 19 units at 52.270000
Trade executed: 19 units at 52.270000
Order received: 8b64295d-6119-4a07-af36-2600ce39e123
Trade executed: 45 units at 99.080000
Trade executed: 45 units at 99.080000
Order received: ae2c9c9b-1e37-4204-bf83-5ad5091ae96c
Order received: 56bae398-51a0-4f26-b426-5a69bedccf51
Order received: 2cd1a711-4b89-4124-8791-be47323a5e06
Order received: 6e84a111-157b-4515-ba5d-4936cbcb0c0c
Trade executed: 18 units at 123.220000
Trade executed: 18 units at 123.220000
Order received: e18f6b6d-262c-4d37-b53b-91c90c79b2cf
Order received: 832641b1-7c2a-4eb2-907d-ca311c27b33f
Order received: 4924352b-612b-44d6-bdb8-a1514fd64cf9
Order received: 489820c5-315f-4ffd-a8b6-8a7f832d256e
Trade executed: 44 units at 138.900000
Trade executed: 44 units at 138.900000
Order received: 8e1c306a-71bd-4bd3-842a-8757791641df
Trade executed: 34 units at 105.520000
Trade executed: 34 units at 105.520000
Order received: 01f88574-6f0d-4941-ad99-ebc295e40a98
Order received: a1d0b098-d58e-4bda-92e6-20c85a3cc64e
Trade executed: 55 units at 133.260000
Trade executed: 55 units at 133.260000
Order received: d51e8325-f3ac-4926-aa38-2de4e98695ba
Trade executed: 17 units at 67.210000
Trade executed: 17 units at 67.210000
Trade executed: 43 units at 67.210000
Trade executed: 43 units at 67.210000
Trade executed: 20 units at 67.210000
Trade executed: 20 units at 67.210000
Trade executed: 4 units at 67.210000
Trade executed: 4 units at 67.210000
Order received: 28ed2e9d-77a8-47bc-8f77-bc6a83433f0e
Order received: 21cfb1c4-3da2-46f1-8a61-11a41cdae611
Order received: baac3349-ff48-47bc-886e-37b8006e3091
Trade executed: 50 units at 88.530000
Trade executed: 50 units at 88.530000
Trade executed: 6 units at 88.530000
Trade executed: 6 units at 88.530000
Order received: 60f26f54-b315-456c-81c2-da345d7699be
Order received: ba5259fe-3f35-4abe-a8ef-47d52fb3b314
Trade executed: 14 units at 133.260000
Trade executed: 14 units at 133.260000
Order received: ac85ab48-e25f-4aec-a77e-dd506a61a982
Trade executed: 7 units at 138.900000
Trade executed: 7 units at 138.900000
Trade executed: 8 units at 139.700000
Trade executed: 8 units at 139.700000
Order received: 75ee0347-1d13-40de-add1-117b9f86eed6
Order received: 656cd7b7-03e5-4569-b15c-7602cd0147a8
Trade executed: 61 units at 85.240000
Trade executed: 61 units at 85.240000
Trade executed: 21 units at 85.240000
Trade executed: 21 units at 85.240000
Order received: 66237245-6327-4e5a-80a1-c26d7fbb5a64
Trade executed: 62 units at 139.700000
Trade executed: 62 units at 139.700000
Order received: 1adc98e0-bae2-45d6-a269-65b0a6ebb8c7
Trade executed: 12 units at 139.700000
Trade executed: 12 units at 139.700000
Trade executed: 18 units at 150.460000
Trade executed: 18 units at 150.460000
Order received: 7e620bec-2331-4f4f-b1b1-164e7eabe841
Order received: 0c8b3e3b-0fcf-4b70-8913-66a4ca03e20e
Trade executed: 73 units at 126.100000
Trade executed: 73 units at 126.100000
Trade executed: 16 units at 150.460000
Trade executed: 16 units at 150.460000
Order received: b703052e-9be7-4322-b49d-f3ef4ccb1e0f
Order received: d5670e57-1a9f-453c-a478-e0d7c104bd40
Order received: a2bf275e-3c93-4b18-930a-f559b348efb7
Order received: f5b95be9-5dd8-459c-ab72-cf158130ea7b
Trade executed: 29 units at 65.660000
Trade executed: 29 units at 65.660000
Trade executed: 62 units at 65.660000
Trade executed: 62 units at 65.660000
Order received: f39576b5-8c69-442b-9d34-18f7a6a13f9d
Order received: 3cb6bef0-047e-4251-adc0-32300feaeb55
Order received: 7460f96e-8ee5-45e8-9c28-3cbe4caac4bf
Order received: 360ea1a0-3737-4d6a-b9ea-92fd09166ad3
Order received: 0bafc11d-7c54-4636-aa3c-7ba16035e5ba
Order received: 7fd434a0-517f-40fb-b27a-9ece687aaed9
Trade executed: 34 units at 111.170000
Trade executed: 34 units at 111.170000
Order received: 3a0fa968-52b7-4930-9665-d9ae93631ac6
Order received: 54487275-66b6-496d-9da5-16743ebb8fc5
Trade executed: 26 units at 111.170000
Trade executed: 26 units at 111.170000
Trade executed: 23 units at 126.040000
Trade executed: 23 units at 126.040000
Order received: 5d11d659-bdee-49cd-b426-2674fe10a0ba
Trade executed: 31 units at 69.340000
Trade executed: 31 units at 69.340000
Trade executed: 17 units at 69.340000
Trade executed: 17 units at 69.340000
Trade executed: 20 units at 69.340000
Trade executed: 20 units at 69.340000
Trade executed: 10 units at 69.340000
Trade executed: 10 units at 69.340000
Order received: e1a56f7d-c252-4da7-a505-9270870f86eb
Order received: 6adbf503-c75b-4f04-943a-c241c5eba631
Trade executed: 28 units at 68.400000
Trade executed: 28 units at 68.400000
Order received: 0caf9d32-4c86-48bd-925f-87e6179ccbcb
Trade executed: 17 units at 52.370000
Trade executed: 17 units at 52.370000
Trade executed: 8 units at 52.370000
Trade executed: 8 units at 52.370000
Order received: ea85073c-295b-4aeb-9675-80069487d2dc
Order received: 586c3d4c-7c65-46d8-bf94-6fbc34b6035d
Order received: 73ce2dd6-d9e0-47bc-aff2-c204004e049e
Trade executed: 10 units at 126.040000
Trade executed: 10 units at 126.040000
Order received: a952c92e-ab75-45a7-97e9-29f04c241d18
Trade executed: 60 units at 126.040000
Trade executed: 60 units at 126.040000
Order received: a0f1bff0-0de1-43b1-b942-fba8ae770b9a
Trade executed: 38 units at 149.310000
Trade executed: 38 units at 149.310000
Trade executed: 34 units at 150.460000
Trade executed: 34 units at 150.460000
Order received: 99d29ddb-9548-4101-b8f2-88f38b2ece12
Trade executed: 2 units at 150.460000
Trade executed: 2 units at 150.460000
Trade executed: 45 units at 153.020000
Trade executed: 45 units at 153.020000
Trade executed: 2 units at 154.690000
Trade executed: 2 units at 154.690000
Order received: 0bfd10ea-ea15-4834-a142-d7d06ea718dd
Order received: a39ac328-c351-47c5-87c8-c400ab721875
Order received: 5e03c1ee-d932-4fa6-b862-fb29f2a29ed7
Trade executed: 7 units at 82.400000
Trade executed: 7 units at 82.400000
Trade executed: 55 units at 82.400000
Trade executed: 55 units at 82.400000
Order received: 8b8e8636-96b1-4502-a106-b3ed1a213d53
Trade executed: 9 units at 112.930000
Trade executed: 9 units at 112.930000
Order received: d2b2e74c-9b5b-4d75-b9b4-ba5079943162
Order received: 18dff33f-473e-494a-b3a0-d2b402a24652
Order received: 3c1c1836-b088-4b3b-b6ed-f6601addcac4
Trade executed: 44 units at 112.930000
Trade executed: 44 units at 112.930000
Order received: 2181942c-9cec-4ca5-9904-3379738a7b7c
Trade executed: 46 units at 112.930000
Trade executed: 46 units at 112.930000
Order received: 35ca55b7-58a9-40d8-9598-348f60070c07
Trade executed: 1 units at 151.590000
Trade executed: 1 units at 151.590000
Order received: fd2ab80b-a8fd-49c6-b4bb-2f883f25acb4
Order received: e8288a2b-77fc-4181-a07c-79d99ac9b108
Order received: bc3723c6-6426-4afd-bac7-e7a5a84788d0
Trade executed: 31 units at 151.590000
Trade executed: 31 units at 151.590000
Trade executed: 9 units at 154.690000
Trade executed: 9 units at 154.690000
Order received: 2835d7d3-c8d3-498e-8f34-ed5b82ac0b8f
Trade executed: 30 units at 89.630000
Trade executed: 30 units at 89.630000
Order received: b25dd87b-148c-44bf-bcae-5f4c649aec0e
Order received: 4bb5b7cd-6a0f-4102-8cbd-9538e3d2c9ef
Trade executed: 11 units at 154.690000
Trade executed: 11 units at 154.690000
Trade executed: 2 units at 156.740000
Trade executed: 2 units at 156.740000
Order received: 04d3c6df-760c-4997-a933-934dcce9fbb7
Order received: 76027a74-0506-4016-a6f3-e942d9bf1656
Trade executed: 27 units at 99.460000
Trade executed: 27 units at 99.460000
Order received: 9b93226d-a7dd-49a8-bf94-231870084ac9
Order received: 9aefe7ed-40fc-4bdc-bbd8-fc2208fd3d72
Order received: 9e474fe4-d3bf-4737-b3ae-a12d4bf06ad2
Trade executed: 41 units at 156.740000
Trade executed: 41 units at 156.740000
Order received: 956093b5-782f-4015-8918-8d5a0e8794f3
Order received: d824f5d8-3b4d-4c11-b54d-1be0424dd2b2
Order received: 2d86a238-dfc9-4702-a320-97d6860f28db
Trade executed: 26 units at 156.740000
Trade executed: 26 units at 156.740000
Trade executed: 55 units at 157.830000
Trade executed: 55 units at 157.830000
Trade executed: 2 units at 158.290000
Trade executed: 2 units at 158.290000
Order received: 2cd0eaad-7c2b-46b3-85c3-03c0ed7bd351
Trade executed: 35 units at 158.290000
Trade executed: 35 units at 158.290000
Trade executed: 25 units at 159.010000
Trade executed: 25 units at 159.010000
Trade executed: 28 units at 160.150000
Trade executed: 28 units at 160.150000
Order received: 395878c0-b14f-4bc4-88e0-4f8df3d60adb
Trade executed: 29 units at 56.770000
Trade executed: 29 units at 56.770000
Order received: 0fb26f72-221e-420f-a673-17705adb8fdc
Order received: 0276a5ef-83aa-4e6b-b880-652fb30f6d48
Trade executed: 11 units at 113.430000
Trade executed: 11 units at 113.430000
Trade executed: 1 units at 113.430000
Trade executed: 1 units at 113.430000
Trade executed: 33 units at 113.430000
Trade executed: 33 units at 113.430000
Trade executed: 6 units at 113.430000
Trade executed: 6 units at 113.430000
Order received: d7a1b460-18ef-4cb9-8621-796e7f31c23f
Trade executed: 2 units at 118.070000
Trade executed: 2 units at 118.070000
Order received: ec77201e-89f1-4c2e-adc7-4c37acb2933c
Trade executed: 28 units at 118.070000
Trade executed: 28 units at 118.070000
Order received: a341ab43-c169-463a-9b52-cd99a5fbc94e
Order received: 366441ce-5584-490c-ab9a-abacc8bc256f
Order received: af8a2c9b-524f-4cd5-ae00-565bd59f553e
Order received: 7ac1cb00-52cf-44ac-91ec-1a50d12c4728
Trade executed: 10 units at 89.730000
Trade executed: 10 units at 89.730000
Trade executed: 13 units at 89.730000
Trade executed: 13 units at 89.730000
Order received: 06116c21-d7e9-4f8d-8b96-c02cdccba180
Trade executed: 60 units at 81.950000
Trade executed: 60 units at 81.950000
Order received: 28539ba2-ce27-4fdb-a9b0-60cee4431561
Order received: ba61bdd2-b74f-4bef-94dd-bb414332eeab
Trade executed: 51 units at 117.660000
Trade executed: 51 units at 117.660000
Order received: 7eab4f64-f084-4f44-bdf1-f466dcc5b50c
Trade executed: 15 units at 68.970000
Trade executed: 15 units at 68.970000
Trade executed: 18 units at 68.970000
Trade executed: 18 units at 68.970000
Trade executed: 18 units at 68.970000
Trade executed: 18 units at 68.970000
Order received: 89b90fce-fbcb-4a25-9f50-25ec46f62338
Order received: 8c2d85c1-f18b-4212-981f-24ccfd25a7dd
Order received: bd6049cc-6c9f-4c30-8390-e8aabebd2811
Order received: a48d9307-d622-4a85-ac09-ac0dd5486c33
Trade executed: 34 units at 55.960000
Trade executed: 34 units at 55.960000
Trade executed: 19 units at 55.960000
Trade executed: 19 units at 55.960000
Trade executed: 24 units at 55.960000
Trade executed: 24 units at 55.960000
Order received: 1d149a4c-8eb7-41e5-9939-eff79b59d2ec
Order received: 8e93a071-3543-4e0d-8ea3-c6997bd14bb9
Order received: eefcf62d-d7fc-4117-b56a-c73c49443945
Order received: 405a4f2d-fe48-463b-b7fb-63b2489e6a95
Trade executed: 73 units at 91.350000
Trade executed: 73 units at 91.350000
Order received: efe6d99d-a9d5-4bd8-be3f-80242bb4725c
Order received: c532116e-93dd-46c9-bbad-274600fe8d95
Order received: a56a0a58-0a23-4e61-8baa-fd0f49c86e35
Order received: 4877d769-9c02-4d28-8bd5-08c6e86d57a8
Order received: e3668595-5eaa-4cef-a4cc-e026d302ded0
Trade executed: 19 units at 91.350000
Trade executed: 19 units at 91.350000
Trade executed: 31 units at 98.140000
Trade executed: 31 units at 98.140000
Trade executed: 17 units at 100.290000
Trade executed: 17 units at 100.290000
Trade executed: 1 units at 117.660000
Trade executed: 1 units at 117.660000
Order received: 913a9bd9-2268-4dc9-aff8-51b0854a6883
Order received: 88520911-5353-438b-9f41-aa060bc11ed3
Trade executed: 46 units at 117.660000
Trade executed: 46 units at 117.660000
Trade executed: 29 units at 118.070000
Trade executed: 29 units at 118.070000
Order received: b26d79d8-68e8-4442-a4e9-3bd979055097
Order received: 98a02559-f16a-41a3-965e-07c0b15c894a
Order received: 863a3638-8ca9-408d-ab95-241eccacf952
Order received: cc53ce38-e06d-49b0-ac03-1882920fc315
Trade executed: 10 units at 118.070000
Trade executed: 10 units at 118.070000
Trade executed: 3 units at 128.680000
Trade executed: 3 units at 128.680000
Order received: a691b41a-b82c-422b-9afd-1439e3ea6d35
Trade executed: 27 units at 57.570000
Trade executed: 27 units at 57.570000
Order received: 0fb157f3-1c3b-4d61-9075-f92c19988598
Trade executed: 81 units at 128.680000
Trade executed: 81 units at 128.680000
Order received: 780b8128-7139-4efc-b5a6-4318da5dbc8b
Trade executed: 6 units at 128.680000
Trade executed: 6 units at 128.680000
Trade executed: 54 units at 134.670000
Trade executed: 54 units at 134.670000
Order received: 2e99310e-84ed-4ffc-b623-345abd5a0b40
Trade executed: 11 units at 51.810000
Trade executed: 11 units at 51.810000
Order received: fc817602-5970-4547-853a-5ad0b92f8832
Order received: 1ecb1f71-e326-44ef-903c-2db775ec8666
Trade executed: 14 units at 134.670000
Trade executed: 14 units at 134.670000
Order received: 83e8e813-94da-4898-bbfa-804a0515b65a
Order received: aa70b662-84f6-49a7-9f3b-aaf3ef663155
Order received: f4bcac4a-a9dd-46eb-af25-d2bbfcea93f6
Trade executed: 19 units at 134.670000
Trade executed: 19 units at 134.670000
Trade executed: 4 units at 136.610000
Trade executed: 4 units at 136.610000
Order received: 9174da69-727c-4335-9013-353d18049b36
Trade executed: 3 units at 63.650000
Trade executed: 3 units at 63.650000
Trade executed: 33 units at 63.650000
Trade executed: 33 units at 63.650000
Trade executed: 45 units at 63.650000
Trade executed: 45 units at 63.650000
Order received: 2730687e-35fd-43aa-bb8d-d4ec98c09d99
Order received: dba03b77-e30b-4e1d-ab52-b4e2138d3e5c
Trade executed: 10 units at 55.390000
Trade executed: 10 units at 55.390000
Trade executed: 24 units at 55.390000
Trade executed: 24 units at 55.390000
Trade executed: 17 units at 55.390000
Trade executed: 17 units at 55.390000
Order received: c731bfd9-ae27-48b3-a408-f4dd6bd58f48
Order received: 0d6748fa-03e8-42e3-9087-b6e260325c3c
Trade executed: 20 units at 108.450000
Trade executed: 20 units at 108.450000
Trade executed: 4 units at 136.610000
Trade executed: 4 units at 136.610000
Trade executed: 31 units at 139.380000
Trade executed: 31 units at 139.380000
Order received: dd2a75d2-1846-4621-8789-779befaa8391
Order received: 254380d1-3949-43e9-8ce2-371f39b5159f
Order received: f1c455e9-2ddd-40a3-97eb-65707bf2e5e4
Trade executed: 23 units at 139.380000
Trade executed: 23 units at 139.380000
Order received: 30c4b1b0-de15-46bc-aa93-a16438e3fe65
Trade executed: 47 units at 62.220000
Trade executed: 47 units at 62.220000
Trade executed: 7 units at 62.220000
Trade executed: 7 units at 62.220000
Order received: 2612a243-ce38-4fd4-9b89-2452630231f1
Order received: e14e313b-8ff9-4443-bc5b-63078d01bc51
Order received: b24f824e-dd7e-49f0-8a34-28a3389f4290
Order received: b0c575d0-6ec9-47e7-b1b6-029841ee3718
Trade executed: 3 units at 139.380000
Trade executed: 3 units at 139.380000
Trade executed: 32 units at 139.510000
Trade executed: 32 units at 139.510000
Trade executed: 6 units at 148.900000
Trade executed: 6 units at 148.900000
Trade executed: 27 units at 151.730000
Trade executed: 27 units at 151.730000
Order received: d17486b9-2f97-4012-9a6f-fcafbe9a9148
Order received: 3e8698cc-e83d-4a40-9b97-9bcfcc7a1f33
Trade executed: 54 units at 110.750000
Trade executed: 54 units at 110.750000
Order received: 47b926bd-da82-4d30-8181-925605f830cf
Order received: 813f950a-bff0-49cd-9053-5e47ffffafce
Order received: 576c3bcc-f9c5-414e-9aaf-100332dad937
Trade executed: 39 units at 91.120000
Trade executed: 39 units at 91.120000
Order received: 7902aeb0-88fd-4d1b-b891-b6ee517c62c0
Order received: 288cb5ba-8ca5-4775-a67a-cffa1338355f
Order received: 60f5b13f-6e3b-4f87-b959-f74b4ab2dce9
Order received: 739f2b33-b4dd-44b8-ac0c-33532dc5a46c
Trade executed: 4 units at 151.730000
Trade executed: 4 units at 151.730000
Trade executed: 74 units at 153.090000
Trade executed: 74 units at 153.090000
Trade executed: 15 units at 160.150000
Trade executed: 15 units at 160.150000
Order received: f7b7cd23-4fc8-4d82-b665-fe5e4610ec78
Trade executed: 2 units at 74.600000
Trade executed: 2 units at 74.600000
Order received: ff9bb710-d359-4f09-b448-368a34653fa2
Trade executed: 26 units at 52.390000
Trade executed: 26 units at 52.390000
Trade executed: 5 units at 52.390000
Trade executed: 5 units at 52.390000
Trade executed: 1 units at 52.390000
Trade executed: 1 units at 52.390000
Trade executed: 40 units at 52.390000
Trade executed: 40 units at 52.390000
Trade executed: 7 units at 52.390000
Trade executed: 7 units at 52.390000
Order received: 955402a5-8c08-49fd-8cd9-c0d5b342bcdc
Order received: 478920f9-bca8-462f-b47b-396653e923c3
Trade executed: 3 units at 80.940000
Trade executed: 3 units at 80.940000
Trade executed: 56 units at 80.940000
Trade executed: 56 units at 80.940000
Order received: 695e6fda-d5d8-4d11-b9e7-968dcfcc8e8c
Order received: 3cbf228c-c3e4-4c6e-a165-3b5c095b9223
Order received: b034d189-800e-4dc1-9297-884f2cf27e61
Trade executed: 17 units at 111.370000
Trade executed: 17 units at 111.370000
Order received: 92e10a17-224b-49a3-b017-aa8994154c15
Order received: f3fbfe44-b7e3-4d84-a659-95dda7c9b73b
Order received: cb3efde9-e6e5-46e9-b6aa-a98b88997776
Order received: a8694567-c65a-4be7-9c4e-b9fadf5873eb
Order received: fb127be6-3cf8-444e-bebe-777104ce7ab1
Trade executed: 74 units at 111.370000
Trade executed: 74 units at 111.370000
Order received: 71646623-1a3f-4082-afaa-4ac0b48b93fd
Trade executed: 2 units at 77.880000
Trade executed: 2 units at 77.880000
Trade executed: 1 units at 77.880000
Trade executed: 1 units at 77.880000
Trade executed: 16 units at 77.880000
Trade executed: 16 units at 77.880000
Order received: 53bf363a-c2a5-4851-a1b3-ebe1a18f9491
Order received: 067c3e7d-763a-478a-8747-1f6e04dd9c6e
Order received: 0a3051f5-3d93-472a-b37d-a88c21627f81
Order received: f9bfec8d-5f25-482a-b9e0-528b7b904616
Order received: 6f58db79-ac3d-4fbf-9cf9-b4fa3af29a6d
Order received: d8cf65ff-c12b-4a72-ad7f-3e559966beb1
Order received: 0cd55d92-518f-4634-85ff-5878a973c27c
Trade executed: 48 units at 147.530000
Trade executed: 48 units at 147.530000
Trade executed: 19 units at 150.580000
Trade executed: 19 units at 150.580000
Trade executed: 24 units at 160.150000
Trade executed: 24 units at 160.150000
Order received: 6430d058-d205-4ef1-b9ca-553880718686
Order received: e80fb016-30be-42b9-9d6c-9268d6b95eee
Trade executed: 40 units at 93.440000
Trade executed: 40 units at 93.440000
Trade executed: 4 units at 93.440000
Trade executed: 4 units at 93.440000
Order received: 7bcc2015-06bd-4c13-b9e2-3058bddd576f
Order received: 5b55ab0b-f9d3-449c-8c6d-c76e7c5d92b9
Order received: eec2c0f5-33aa-4bd9-8aac-8aec61e24036
Order received: f671599c-e2d5-43cd-80e0-160bf9377dab
Trade executed: 44 units at 51.250000
Trade executed: 44 units at 51.250000
Order received: 92e8ee90-7b72-4724-974f-1660e5781294
Order received: 7c483d65-967e-4fde-9354-ccda20a4f613
Trade executed: 13 units at 154.180000
Trade executed: 13 units at 154.180000
Order received: 5ef87601-03fb-4bac-b932-72f2cb54d48e
Order received: bfd82b8c-4e3a-4692-90b7-8058876ae251
Order received: c74c6043-5d04-47d5-8acd-67e8b6de375d
Order received: 777465a5-f42c-400f-a723-118dc2212ea2
Order received: e14028fb-cb4a-4862-b5f5-1717cb08e068
Order received: bcab9283-d93d-41b7-8013-5670d4db8917
Order received: 4a6ec48c-7541-4712-896f-3873644ce87c
Order received: a023e4c8-1bb0-4402-ac0d-763599ca69d0
Order received: 1f8d7100-c26e-407f-aa07-ff60f3f79db1
Trade executed: 15 units at 97.700000
Trade executed: 15 units at 97.700000
Trade executed: 50 units at 97.700000
Trade executed: 50 units at 97.700000
Order received: a6034280-7032-4ccb-8fbe-00bfde44de9c
Order received: e8cc0fe7-d67c-4c82-a44a-20101496f07b
Order received: 22791e11-49a5-45ed-9187-7f57f0b0d016
Order received: 255fcbac-27f2-4359-b69d-180fd73ec89f
Order received: 475c777c-9c86-44e2-90c3-1102836c2f73
Order received: 08c52c00-cbd5-4932-a46c-e080d9497be6
Order received: 23976655-7776-4ff4-a91a-7dafb1ea9e2e
Order received: af26498a-e344-42fd-8232-d047f2334c07
Trade executed: 21 units at 99.670000
Trade executed: 21 units at 99.670000
Order received: add940f8-cf20-41e6-b907-ea6290b5891c
Trade executed: 7 units at 99.670000
Trade executed: 7 units at 99.670000
Trade executed: 6 units at 110.690000
Trade executed: 6 units at 110.690000
Order received: acdc227a-bfa4-485b-8717-19f374b9c093
Trade executed: 4 units at 110.690000
Trade executed: 4 units at 110.690000
Trade executed: 41 units at 112.520000
Trade executed: 41 units at 112.520000
Order received: fdf6dca7-f9ba-4348-893a-c2917b24b829
Trade executed: 13 units at 118.990000
Trade executed: 13 units at 118.990000
Order received: 0c58b56e-4668-4d6f-b569-97eb233d3ce6
Order received: 29752292-a238-4a07-b1d5-398cdb352cda
Trade executed: 29 units at 127.110000
Trade executed: 29 units at 127.110000
Trade executed: 3 units at 128.620000
Trade executed: 3 units at 128.620000
Trade executed: 36 units at 154.180000
Trade executed: 36 units at 154.180000
Order received: a9a613d9-e8fb-4ad6-95e7-9c49d058700e
Order received: 718d1d30-f34a-4a86-bda9-e07dc9afd2b8
Order received: 98c87451-9770-46ed-87f3-fc2a85dd277c
Order received: 96b65b76-dd54-45ab-9bd6-5c8dd4bb492d
Order received: 38d712b0-1cff-4789-ba66-48abbf341b02
Order received: 142ff72e-0c6b-4a69-8a86-acd7eb386021
Trade executed: 58 units at 139.300000
Trade executed: 58 units at 139.300000
Trade executed: 8 units at 154.180000
Trade executed: 8 units at 154.180000
Order received: 019eafb1-7f78-4540-b6b9-c274db0f3fcf
Order received: af4dc529-8c25-414d-8025-88888a5d9d6a
Order received: be1f50c7-54dc-4741-8e4d-5b411aab07f5
Order received: 7e383e05-2c14-4dcd-a827-ee7e3f1b618e
Order received: df252e68-332b-4640-a5ed-59fcba73dfe7
Order received: cd28a903-228b-4764-961f-c625fc230a0f
Order received: 9ce643b7-7fa0-4d0b-8bac-396f5a4b4760
Order received: 8ab75827-074c-49d3-ba85-412c5c402499
Order received: 4a25926e-1654-4eb4-b14d-4957b9da9af5
Trade executed: 57 units at 96.560000
Trade executed: 57 units at 96.560000
Trade executed: 3 units at 96.560000
Trade executed: 3 units at 96.560000
Order received: e302f11c-4cc8-408c-9985-9040da4c2977
Order received: 7b519e19-8bcf-4391-98ac-72f755881bd3
Order received: 280f8ecd-4196-485b-b85f-c1c391c1c402
Trade executed: 54 units at 131.150000
Trade executed: 54 units at 131.150000
Order received: 3cf41e3e-c328-4063-9386-fe179cefba09
Order received: 8aef043d-7c4e-4a62-b7cc-7cd0248585fc
Order received: ba853e3b-65e7-42c8-9952-45095f447c5b
Trade executed: 3 units at 52.870000
Trade executed: 3 units at 52.870000
Trade executed: 1 units at 52.870000
Trade executed: 1 units at 52.870000
Order received: 5e3705a2-6787-4b8e-97ff-bd299cb0f918
Trade executed: 30 units at 100.800000
Trade executed: 30 units at 100.800000
Trade executed: 13 units at 100.800000
Trade executed: 13 units at 100.800000
Trade executed: 8 units at 100.800000
Trade executed: 8 units at 100.800000
Trade executed: 7 units at 100.800000
Trade executed: 7 units at 100.800000
Order received: 483205c0-2da1-4c75-a218-025cbf25f8eb
Trade executed: 11 units at 131.150000
Trade executed: 11 units at 131.150000
Order received: 2b4ffe87-7979-44f4-8f22-f94787662d19
Trade executed: 35 units at 71.990000
Trade executed: 35 units at 71.990000
Order received: 0ea7dab7-1095-4c63-8637-fdf37679c394
Trade executed: 24 units at 131.150000
Trade executed: 24 units at 131.150000
Trade executed: 41 units at 134.610000
Trade executed: 41 units at 134.610000
Trade executed: 8 units at 137.350000
Trade executed: 8 units at 137.350000
Trade executed: 4 units at 154.180000
Trade executed: 4 units at 154.180000
Order received: 66f7bb51-cc53-426f-969b-bcac4b84a659
Order received: 7306e7ee-f5b8-4146-8ac4-e5c0f5776630
Order received: f5f2d722-d5d1-430f-9f04-ce9283e2a4ff
Trade executed: 13 units at 132.830000
Trade executed: 13 units at 132.830000
Trade executed: 29 units at 154.180000
Trade executed: 29 units at 154.180000
Trade executed: 20 units at 156.820000
Trade executed: 20 units at 156.820000
Trade executed: 7 units at 157.130000
Trade executed: 7 units at 157.130000
Trade executed: 7 units at 160.150000
Trade executed: 7 units at 160.150000
Order received: f7ac27dd-8513-48c6-bf5b-6401b7b651a4
Trade executed: 17 units at 78.260000
Trade executed: 17 units at 78.260000
Trade executed: 1 units at 78.260000
Trade executed: 1 units at 78.260000
Order received: 5fe92b75-b606-4ddd-a590-26a3328d0305
Order received: 42c7507a-bd38-4019-9f0f-231144a1bca3
Order received: 0581e01d-848c-4f70-b7e9-437b6265bd76
Order received: de590fa2-2b28-413a-9c17-ba29123c1ccf
Order received: c249c97f-492f-418e-b99b-78d67183e5b5
Order received: ee0cc5ba-47b1-4f5b-a0fe-0d25b74f1774
Order received: 0384638c-e50c-4ae5-8475-a7b495d94efe
Trade executed: 42 units at 118.420000
Trade executed: 42 units at 118.420000
Order received: 39fd87c0-4145-434b-b7a7-56c2179a664d
Order received: 2d9b7482-2537-461f-9c7c-972ea54fcc47
Order received: f8a38a6c-5345-4a44-9364-576515c76ba2
Order received: b1326559-42f6-43ef-b0ee-b98c8eaa876b
Trade executed: 57 units at 118.420000
Trade executed: 57 units at 118.420000
Trade executed: 26 units at 160.150000
Trade executed: 26 units at 160.150000
Trade executed: 4 units at 161.890000
Trade executed: 4 units at 161.890000
Order received: 5a1be861-5730-4539-85cb-e56dad665f24
Order received: 05284535-97fe-41f3-a7f7-9a29064105c4
Order received: 67bcf028-686c-4491-af84-50807ca3b841
Order received: 97e744fa-576c-4733-8257-84cc27a10e91
Order received: 1f0cd74c-ff8c-4920-9648-cb2e5b2148e0
Order received: 1ee3cebc-c6e2-43af-8955-eb71d196cbdf
Trade executed: 62 units at 108.190000
Trade executed: 62 units at 108.190000
Order received: ba5670bd-da90-45c7-975e-1086fd28f426
Trade executed: 2 units at 108.190000
Trade executed: 2 units at 108.190000
Trade executed: 3 units at 137.300000
Trade executed: 3 units at 137.300000
Order received: 14b347b8-beb4-45ed-a167-520a86b9ea3c
Order received: eb6b12d4-bb13-4c07-a5f5-0e40a9c1c5b0
Order received: 75d605e8-b6e4-4568-905f-c6c8f15b2f47
Order received: 5f4c840b-842e-43c5-aa09-ef874b6037ab
Trade executed: 36 units at 137.300000
Trade executed: 36 units at 137.300000
Trade executed: 37 units at 161.890000
Trade executed: 37 units at 161.890000
Order received: b8c2f053-9201-446f-91b7-2bc30cf822af
Trade executed: 5 units at 95.010000
Trade executed: 5 units at 95.010000
Order received: b046677d-c13b-42cf-91ec-1f9aaecf2516
Order received: 5ed4484b-449b-4bfa-a9fe-4264f2f046c9
Order received: 15f1af0b-8462-4112-8bdd-448c354e73ff
Order received: a5565200-511e-4901-a30c-1d2245e97063
Order received: e21cafac-abc9-43e8-9748-ded3888fb12d
Trade executed: 7 units at 105.760000
Trade executed: 7 units at 105.760000
Trade executed: 8 units at 105.760000
Trade executed: 8 units at 105.760000
Order received: ac248d3b-f313-4dc8-8947-d02c83f8e510
Order received: e918d5d3-ae0e-4f17-8ab0-64cb225c4811
Trade executed: 59 units at 123.100000
Trade executed: 59 units at 123.100000
Order received: 97c9d76d-a531-46a7-b436-a5c7ec50cb30
Trade executed: 14 units at 55.070000
Trade executed: 14 units at 55.070000
Trade executed: 31 units at 55.070000
Trade executed: 31 units at 55.070000
Trade executed: 6 units at 55.070000
Trade executed: 6 units at 55.070000
Order received: ccfebaf3-dda7-4302-a235-2d5fd9aa7e8b
Trade executed: 18 units at 157.720000
Trade executed: 18 units at 157.720000
Order received: 12421a67-0fd9-4194-9b95-14eb6ae2b106
Order received: 71bccb54-5ac5-4d60-9ebf-887f38ab8d77
Order received: 67e97dbb-7022-4fd4-b682-50c36e979f17
Trade executed: 77 units at 130.130000
Trade executed: 77 units at 130.130000
Order received: 77a4825e-0193-40df-bf98-a59923d635fa
Trade executed: 13 units at 97.540000
Trade executed: 13 units at 97.540000
Trade executed: 20 units at 97.540000
Trade executed: 20 units at 97.540000
Order received: acdca5da-5742-4629-be1c-999754711c60
Order received: 0836134d-e66e-4365-a0fe-cdd5bfaf8f81
Order received: e514505a-ae44-4a46-969b-5126ad091243
Trade executed: 22 units at 89.500000
Trade executed: 22 units at 89.500000
Order received: c04b02fc-e3ee-4201-93e2-fff248a21a38
Trade executed: 9 units at 97.540000
Trade executed: 9 units at 97.540000
Order received: 581ef1c2-f1f9-4b23-9ffc-23411b644c51
Trade executed: 46 units at 97.540000
Trade executed: 46 units at 97.540000
Trade executed: 42 units at 101.620000
Trade executed: 42 units at 101.620000
Order received: 39105e6a-0094-444c-8a9b-fc1241eeded5
Trade executed: 68 units at 73.720000
Trade executed: 68 units at 73.720000
Trade executed: 14 units at 73.720000
Trade executed: 14 units at 73.720000
Order received: c3a56931-36ae-40ee-b509-b14f8cb1e5df
Trade executed: 28 units at 101.620000
Trade executed: 28 units at 101.620000
Order received: d90a17e7-96bd-46bc-a30a-69dced964d5f
Trade executed: 51 units at 82.530000
Trade executed: 51 units at 82.530000
Order received: 438b627a-3bb5-4996-9ab3-41c5141e3716
Trade executed: 8 units at 87.080000
Trade executed: 8 units at 87.080000
Trade executed: 22 units at 87.080000
Trade executed: 22 units at 87.080000
Order received: 1df60abe-0f2f-4db0-8ddc-c0a0cea7cc13
Trade executed: 30 units at 74.120000
Trade executed: 30 units at 74.120000
Trade executed: 12 units at 74.120000
Trade executed: 12 units at 74.120000
Order received: 18d98e4e-1ba9-4172-a787-fa16693a8559
Order received: 7ad2be49-5817-4b84-bea9-c5d0c5d0123b
Trade executed: 8 units at 130.130000
Trade executed: 8 units at 130.130000
Order received: 94099d90-b2af-48c8-a402-40e293d78fa9
Trade executed: 13 units at 107.480000
Trade executed: 13 units at 107.480000
Order received: 937f2bd5-cf50-4f25-8c0b-84a4d950ad94
Trade executed: 26 units at 107.480000
Trade executed: 26 units at 107.480000
Order received: c637f5df-b64f-4ec8-b878-cdfd7934503d
Trade executed: 20 units at 107.480000
Trade executed: 20 units at 107.480000
Order received: 9511e8a3-6737-4005-8f71-8ef4d720dedf
Order received: 64133f15-93aa-465f-9a2f-64fb803e64f3
Order received: 62d3a9a2-eaaf-426c-ae14-0a429a20a9cc
Trade executed: 8 units at 130.130000
Trade executed: 8 units at 130.130000
Trade executed: 55 units at 150.330000
Trade executed: 55 units at 150.330000
Order received: 651e31f0-2e7f-490d-a0c6-6989b212afc8
Order received: 3cd1851b-4b1e-4fe6-aa4c-a7e981c434ae
Order received: bcd615c0-ad68-4353-8138-14b84c2b42a4
Trade executed: 4 units at 150.330000
Trade executed: 4 units at 150.330000
Trade executed: 18 units at 157.720000
Trade executed: 18 units at 157.720000
Trade executed: 19 units at 161.890000
Trade executed: 19 units at 161.890000
Trade executed: 3 units at 162.120000
Trade executed: 3 units at 162.120000
Order received: 36de47b1-f74e-4445-8889-278e5c1da896
Trade executed: 51 units at 86.290000
Trade executed: 51 units at 86.290000
Trade executed: 21 units at 86.290000
Trade executed: 21 units at 86.290000
Order received: 841fac03-77c1-48f0-a152-ed9e45a1c230
Order received: 9ec0255b-b0e3-459f-9df5-5f550b7172d4
Trade executed: 23 units at 156.890000
Trade executed: 23 units at 156.890000
Trade executed: 18 units at 162.120000
Trade executed: 18 units at 162.120000
Order received: 7e41b014-0cd8-4530-8d00-c37d423b4a02
Trade executed: 17 units at 58.520000
Trade executed: 17 units at 58.520000
Trade executed: 12 units at 58.520000
Trade executed: 12 units at 58.520000
Trade executed: 12 units at 58.520000
Trade executed: 12 units at 58.520000
Order received: a3edb89a-8dde-43cc-a279-db9bec4befe6
Order received: 99a48466-5e50-4151-a569-1e5254a158d1
Order received: 3501fe49-31f3-4f43-9e27-35c1e42fce3a
Order received: e998500b-61c8-4794-b79d-634fea7d8886
Order received: 8483c968-30e8-4d5f-bc0a-195aeec12f79
Order received: cecf0351-6142-4abd-8a59-251328b0e987
Trade executed: 66 units at 128.650000
Trade executed: 66 units at 128.650000
Order received: b2330e55-81a0-4c2f-8049-22e07dd24df5
Trade executed: 26 units at 87.490000
Trade executed: 26 units at 87.490000
Trade executed: 30 units at 87.490000
Trade executed: 30 units at 87.490000
Order received: 6579602e-b58d-4bb5-ab28-9052f3822726
Order received: 2549dd0d-4c45-478b-b763-5e3e82712faf
Trade executed: 5 units at 54.140000
Trade executed: 5 units at 54.140000
Trade executed: 70 units at 54.140000
Trade executed: 70 units at 54.140000
Order received: b73c0047-0847-4685-8733-ecc5c489d0cd
Order received: 3134d682-07dc-4ad6-bb71-a85dfe619e5a
Trade executed: 62 units at 130.810000
Trade executed: 62 units at 130.810000
Order received: 8e3fa7ec-8820-4292-908a-325313b7952e
Order received: b1ed80da-1a46-45d7-9767-058b6f8aa861
Trade executed: 5 units at 70.840000
Trade executed: 5 units at 70.840000
Trade executed: 62 units at 70.840000
Trade executed: 62 units at 70.840000
Order received: e4a1d25c-a3d6-4639-96af-1b0a9f61006b
Trade executed: 18 units at 130.810000
Trade executed: 18 units at 130.810000
Order received: 54ddc07c-d4bc-400f-99f4-2843d5c932ec
Order received: 83883e16-a15f-40e6-ae6b-f6df5e9e47c1
Order received: f0ac6218-dd8a-43f6-929d-66a8dd96d994
Order received: 70eaf916-d1bf-484e-85a0-84222fcc20b7
Trade executed: 9 units at 130.810000
Trade executed: 9 units at 130.810000
Trade executed: 21 units at 136.360000
Trade executed: 21 units at 136.360000
Order received: bc5abf2c-3b61-41dd-ab27-9dc257451701
Trade executed: 58 units at 110.400000
Trade executed: 58 units at 110.400000
Order received: 72f3fbbc-df44-4c77-a71c-c03bbd0db76e
Order received: dc8275ea-58b5-429d-b106-75b32aed6835
Order received: e6d47bb1-4657-4b5c-b643-da718b1aac30
Order received: 9800dfef-9369-4e49-9f97-c8994c54f06d
Trade executed: 13 units at 51.980000
Trade executed: 13 units at 51.980000
Trade executed: 15 units at 51.980000
Trade executed: 15 units at 51.980000
Trade executed: 55 units at 51.980000
Trade executed: 55 units at 51.980000
Order received: c7f2e1a7-7282-4984-ac9f-3c17ea4fc98f
Trade executed: 38 units at 110.400000
Trade executed: 38 units at 110.400000
Trade executed: 52 units at 129.760000
Trade executed: 52 units at 129.760000
Order received: 92404f2a-43c9-4635-a7fa-b185242a5254
Order received: fb9b54ea-d240-4f35-bfd3-1787533c3c15
Trade executed: 49 units at 87.710000
Trade executed: 49 units at 87.710000
Order received: 9fc5412d-3a34-4775-955d-d1179f36da95
Trade executed: 17 units at 58.420000
Trade executed: 17 units at 58.420000
Trade executed: 42 units at 58.420000
Trade executed: 42 units at 58.420000
Trade executed: 33 units at 58.420000
Trade executed: 33 units at 58.420000
Order received: 30af5cfe-1b61-494e-9051-8a1eadcf6b37
Trade executed: 7 units at 87.710000
Trade executed: 7 units at 87.710000
Trade executed: 11 units at 129.760000
Trade executed: 11 units at 129.760000
Trade executed: 20 units at 136.360000
Trade executed: 20 units at 136.360000
Order received: 4318ddb0-87d9-48df-905a-2d49b05e3184
Order received: 05f5c780-8765-431d-bd0a-837a919cb0fc
Trade executed: 21 units at 136.360000
Trade executed: 21 units at 136.360000
Order received: 2cbc4bfd-80b3-43d1-922a-7ee041af680e
Order received: 076b0df8-349e-45aa-bc79-09bccec704cc
Order received: 8b3976a5-4953-4c6c-869e-31ee00befc2c
Order received: 6906ec02-02b9-4262-bb5b-166d9b44c7fc
Order received: ec946228-4aed-4d94-bcff-635238ab4dc7
Trade executed: 36 units at 52.130000
Trade executed: 36 units at 52.130000
Trade executed: 60 units at 52.130000
Trade executed: 60 units at 52.130000
Trade executed: 3 units at 52.130000
Trade executed: 3 units at 52.130000
Order received: d50a2c3e-6fbc-41be-8397-f2004785d7ff
Order received: 2e2ec298-2c57-4c9c-bba9-251d422764ed
Trade executed: 5 units at 136.360000
Trade executed: 5 units at 136.360000
Trade executed: 9 units at 139.850000
Trade executed: 9 units at 139.850000
Trade executed: 73 units at 140.160000
Trade executed: 73 units at 140.160000
Trade executed: 12 units at 143.160000
Trade executed: 12 units at 143.160000
Order received: df4b7ead-6926-42a9-8f35-1f27a73ddf93
Trade executed: 7 units at 66.420000
Trade executed: 7 units at 66.420000
Order received: 9dbc7ec5-63af-49e1-85cd-82dd73f6fb7b
Order received: 8d8bf1b8-8809-4b7a-922b-a25e1663c7e0
Order received: b82e9e03-d3e6-4c28-8e96-b171ab89444b
Order received: 079d3cdd-a43d-45e1-9871-713473d0ceda
Order received: dd675516-8341-47ac-82be-10d1e5168110
Trade executed: 31 units at 93.270000
Trade executed: 31 units at 93.270000
Trade executed: 19 units at 93.270000
Trade executed: 19 units at 93.270000
Order received: d39647ac-1b9a-442d-b475-b59933f911a4
Trade executed: 62 units at 143.160000
Trade executed: 62 units at 143.160000
Trade executed: 36 units at 145.830000
Trade executed: 36 units at 145.830000
Order received: 699a1548-8f2e-40d2-94aa-3e0e49d90f0c
Trade executed: 26 units at 145.830000
Trade executed: 26 units at 145.830000
Trade executed: 30 units at 147.320000
Trade executed: 30 units at 147.320000
Trade executed: 29 units at 154.840000
Trade executed: 29 units at 154.840000
Order received: e5291fc6-65ce-4346-8d71-1289a2f8bd98
Order received: 1b93b6b9-a264-4fbc-ae29-da4191fd2c25
Order received: 0bdbe939-9e4b-4244-abee-e7228d6a16a1
Order received: dd413552-280c-4f93-8309-4ce4ff25bd2b
Trade executed: 52 units at 142.050000
Trade executed: 52 units at 142.050000
Trade executed: 27 units at 154.840000
Trade executed: 27 units at 154.840000
Order received: a5c93284-8dea-4ff8-94f0-01aa14d16c37
Order received: 3f735f30-3d11-4af9-8cb6-258894109b63
Order received: 7b963740-e7bc-4fe2-b5b7-20e59a8aa959
Trade executed: 1 units at 79.660000
Trade executed: 1 units at 79.660000
Order received: a5eb619c-e147-480f-99b3-ee4737010085
Order received: 9d657ad1-5562-4534-a844-2470f7648a92
Order received: e43dd652-6183-4a6a-9a0b-32f29275d140
Order received: 7ca3fa8b-acb2-47ae-9db2-37579b6e049e
Trade executed: 5 units at 83.220000
Trade executed: 5 units at 83.220000
Trade executed: 12 units at 83.220000
Trade executed: 12 units at 83.220000
Order received: a33def35-f8c9-4217-8302-f199d48dba02
Trade executed: 47 units at 113.610000
Trade executed: 47 units at 113.610000
Trade executed: 31 units at 145.840000
Trade executed: 31 units at 145.840000
Order received: fddbab2f-3e3f-4eaa-9d1b-32968bff46cb
Trade executed: 12 units at 69.230000
Trade executed: 12 units at 69.230000
Trade executed: 33 units at 69.230000
Trade executed: 33 units at 69.230000
Order received: bba71978-ec94-4ddf-a27d-fed51899f154
Trade executed: 14 units at 154.840000
Trade executed: 14 units at 154.840000
Trade executed: 21 units at 162.120000
Trade executed: 21 units at 162.120000
Order received: c7b624fc-159d-4b9b-bef0-ae885f47efb3
Trade executed: 4 units at 162.120000
Trade executed: 4 units at 162.120000
Trade executed: 32 units at 162.270000
Trade executed: 32 units at 162.270000
Order received: 2626c95e-c9d9-4d9c-b1ad-e259f854bb8e
Order received: 2938a61e-c129-4696-8c16-3e04b54b5104
Order received: ef515bb6-5467-482a-94d1-928406b7691f
Order received: 463d91c0-83a2-413f-a899-dea275ecc3a6
Order received: e243a01b-129d-4349-afee-2765e308f5bd
Order received: c92c2f51-ef31-4118-b1fd-835e662dd060
Trade executed: 21 units at 104.920000
Trade executed: 21 units at 104.920000
Order received: 537799aa-d6ca-4374-b57c-013278fe35a9
Trade executed: 77 units at 78.000000
Trade executed: 77 units at 78.000000
Trade executed: 19 units at 78.000000
Trade executed: 19 units at 78.000000
Order received: c0850caa-4adf-4659-9a6b-f247d9745319
Trade executed: 68 units at 84.960000
Trade executed: 68 units at 84.960000
Trade executed: 8 units at 84.960000
Trade executed: 8 units at 84.960000
Order received: 0d2bddfb-c83f-447d-8980-799cd239ac40
Trade executed: 29 units at 144.090000
Trade executed: 29 units at 144.090000
Trade executed: 67 units at 155.840000
Trade executed: 67 units at 155.840000
Order received: b4266e29-fe90-4c7a-b836-fe6505cb27fe
Trade executed: 60 units at 82.540000
Trade executed: 60 units at 82.540000
Trade executed: 6 units at 82.540000
Trade executed: 6 units at 82.540000
Order received: 7eb285f2-7ea0-4ad4-81bd-26442781b71e
Trade executed: 3 units at 155.840000
Trade executed: 3 units at 155.840000
Order received: c4193073-70c2-4d29-8071-66432eaef021
Order received: fe26aec1-29f3-4dff-abee-823161f9ca77
Trade executed: 7 units at 155.840000
Trade executed: 7 units at 155.840000
Trade executed: 6 units at 162.270000
Trade executed: 6 units at 162.270000
Trade executed: 76 units at 162.390000
Trade executed: 76 units at 162.390000
Order received: 5f6ad2d8-6883-4836-95b1-0dcef903efbb
Order received: 95358acb-f6bf-4f03-99bb-2a6989e04f21
Order received: f9f7e802-7f6c-45ed-b7a3-107766c811fa
Trade executed: 8 units at 162.390000
Trade executed: 8 units at 162.390000
Trade executed: 13 units at 163.040000
Trade executed: 13 units at 163.040000
Trade executed: 25 units at 163.760000
Trade executed: 25 units at 163.760000
Order received: 5bdd1b91-e211-4abf-9df7-4e60abf50d82
Order received: 35766ee4-1e2f-45f5-9eb3-5820999f1eab
Trade executed: 17 units at 158.850000
Trade executed: 17 units at 158.850000
Order received: 81dd62f9-e4e2-4478-a985-216d210ce07f
Order received: 80574337-cc96-405c-a591-5e264983eaf5
Trade executed: 28 units at 132.070000
Trade executed: 28 units at 132.070000
Order received: e95072ec-468b-425c-a741-f1505c7f83c3
Trade executed: 72 units at 107.040000
Trade executed: 72 units at 107.040000
Trade executed: 2 units at 107.040000
Trade executed: 2 units at 107.040000
Order received: c7a1d2a9-89e3-4d7f-b23b-a7a1f13a92e0
Order received: b47376dc-e7ec-4777-a78d-8e4943570165
Trade executed: 35 units at 84.630000
Trade executed: 35 units at 84.630000
Order received: f1b3e797-29f4-48b4-b01b-cdd59ba16bd1
Order received: fedf8407-7177-41b9-97f0-66252e6f89f7
Order received: 08416929-93eb-441c-a498-39cb768ff96b
Order received: 73a679d6-759e-45d9-9b25-f08cc4c137c9
Trade executed: 13 units at 128.820000
Trade executed: 13 units at 128.820000
Order received: dea66595-9638-4a57-b852-e4bde8bcd76b
Trade executed: 21 units at 93.260000
Trade executed: 21 units at 93.260000
Trade executed: 20 units at 93.260000
Trade executed: 20 units at 93.260000
Order received: f2591ffe-0829-4363-a216-a63744f9452f
Trade executed: 37 units at 128.820000
Trade executed: 37 units at 128.820000
Order received: 3040fe9e-fbfd-456f-904e-a6efda24a1c1
Trade executed: 33 units at 158.850000
Trade executed: 33 units at 158.850000
Trade executed: 1 units at 163.760000
Trade executed: 1 units at 163.760000
Trade executed: 49 units at 164.350000
Trade executed: 49 units at 164.350000
Order received: 4e5e7c06-a19c-4fb3-bd97-ab6d28bb82d5
Trade executed: 42 units at 64.520000
Trade executed: 42 units at 64.520000
Trade executed: 58 units at 64.520000
Trade executed: 58 units at 64.520000
Order received: 2651c235-1ea7-40b8-a0dc-b6d5c65b1740
Order received: 6f56b34e-1974-4704-9b66-20c08a4d7bd8
Order received: 7c33753c-6bf9-4c8e-b829-7d7fecc7d12a
Trade executed: 4 units at 97.610000
Trade executed: 4 units at 97.610000
Trade executed: 5 units at 97.610000
Trade executed: 5 units at 97.610000
Order received: 041a33ab-d913-4394-8cd5-e61aa19dd7e4
Trade executed: 23 units at 164.350000
Trade executed: 23 units at 164.350000
Trade executed: 3 units at 165.500000
Trade executed: 3 units at 165.500000
Trade executed: 17 units at 165.770000
Trade executed: 17 units at 165.770000
Order received: 4f83d132-da24-4f09-8e46-ace72e051592
Order received: 8f263640-9838-48fc-872c-bb1142ed4590
Trade executed: 12 units at 51.880000
Trade executed: 12 units at 51.880000
Trade executed: 13 units at 51.880000
Trade executed: 13 units at 51.880000
Order received: 8b210241-23f7-4e86-b731-1e36cdbeb260
Order received: e4069e2c-df68-4280-b2f1-a8af7cb90713
Order received: 4b5d94fb-9696-4627-8bb4-c0a1ec2b1428
Order received: ca09936a-3515-402e-83c0-2fbffdabdd5a
Order received: eb141db1-25e4-408a-b971-23876293585f
Trade executed: 4 units at 165.770000
Trade executed: 4 units at 165.770000
Order received: de797bc3-a2d6-4f43-ade3-bb693ee59742
Trade executed: 84 units at 116.040000
Trade executed: 84 units at 116.040000
Order received: b997bbf0-8ebd-4758-96ff-6fb37b0f232a
Order received: bbfee999-7981-4dd3-bea1-0dfcad0e16d2
Trade executed: 14 units at 116.040000
Trade executed: 14 units at 116.040000
Order received: 0c68c996-2364-4be4-8ed8-635f1235a988
Trade executed: 18 units at 102.080000
Trade executed: 18 units at 102.080000
Trade executed: 60 units at 102.080000
Trade executed: 60 units at 102.080000
Trade executed: 2 units at 102.080000
Trade executed: 2 units at 102.080000
Order received: b2ad2517-39b0-4e3c-9057-8fd466e54a5d
Order received: 4ced548a-604a-4b82-8378-56adaf171eaa
Order received: d995ecbb-334f-4aca-96b1-18153ebf0b75
Order received: 5000a2de-33ec-45d3-b49d-c9b9c2d01935
Trade executed: 1 units at 165.770000
Trade executed: 1 units at 165.770000
Trade executed: 5 units at 166.010000
Trade executed: 5 units at 166.010000
Trade executed: 57 units at 167.490000
Trade executed: 57 units at 167.490000
Trade executed: 3 units at 167.800000
Trade executed: 3 units at 167.800000
Order received: 9f9af585-3012-41d3-bb55-9827e80e3530
Order received: 620de5dc-dd51-43a6-8ee2-28c6f07cec8d
Trade executed: 58 units at 105.840000
Trade executed: 58 units at 105.840000
Order received: a7748318-7eb9-4d77-895c-da4897dd7046
Trade executed: 16 units at 83.570000
Trade executed: 16 units at 83.570000
Order received: f09c1f5a-1ae1-485e-a5a8-ea642916f492
Order received: e0623395-e4ce-4f20-8169-ebb876d2e0c6
Order received: fa9c3ae7-22b0-4eee-a9e3-dff0b6556119
Trade executed: 47 units at 166.010000
Trade executed: 47 units at 166.010000
Order received: 75199357-f7d4-4472-927b-19745b7258b8
Order received: a5e7a5fa-a181-4d32-8318-13f11bfb747c
Order received: d700415d-3f39-4617-9db6-412ebbf9c3b9
Order received: 226c9b21-9ece-4808-a208-3f09a0d2bcc9
Order received: c7097e7b-d058-4c46-a711-2cd08f4657f2
Order received: b8a4ee07-547b-4a38-9b25-8c15b74faea9
Trade executed: 57 units at 114.770000
Trade executed: 57 units at 114.770000
Trade executed: 43 units at 147.400000
Trade executed: 43 units at 147.400000
Order received: d6d2bc55-9c8f-467f-84cb-1bd49aff26e0
Trade executed: 5 units at 87.280000
Trade executed: 5 units at 87.280000
Trade executed: 2 units at 87.280000
Trade executed: 2 units at 87.280000
Trade executed: 89 units at 87.280000
Trade executed: 89 units at 87.280000
Order received: 68805fb4-068d-402c-94ba-67be17ab5af4
Order received: 4b73b929-b59b-4f6f-b0f0-497682d4af0e
Order received: f803e77b-7430-46fc-bc69-e55c090e5571
Order received: 355af766-651f-4062-8b44-26004352988e
Trade executed: 41 units at 121.660000
Trade executed: 41 units at 121.660000
Order received: 42510d64-bd06-4fbb-a09a-28e857ff7424
Trade executed: 19 units at 121.660000
Trade executed: 19 units at 121.660000
Order received: c6fdc0fb-c6ef-4d9e-b72c-6b4c5e85473c
Trade executed: 31 units at 54.650000
Trade executed: 31 units at 54.650000
Order received: 03734a3f-0342-4ed3-863c-b986364f2c91
Trade executed: 7 units at 64.340000
Trade executed: 7 units at 64.340000
Trade executed: 56 units at 64.340000
Trade executed: 56 units at 64.340000
Order received: ee205d99-b80c-4406-87dd-d528299cf8ed
Trade executed: 19 units at 147.400000
Trade executed: 19 units at 147.400000
Order received: db9b42c3-99c9-47f0-8940-326d8536bf05
Trade executed: 21 units at 52.160000
Trade executed: 21 units at 52.160000
Trade executed: 52 units at 52.160000
Trade executed: 52 units at 52.160000
Order received: 3622350a-4fca-450b-9778-75079ec4145b
Order received: 886cdd79-df05-4d3b-bd6c-ea7c88081147
Trade executed: 13 units at 132.170000
Trade executed: 13 units at 132.170000
Order received: 1587a925-d68e-419f-bf69-5147364ed242
Order received: 67e4a327-957b-4d3a-a238-d8940f0620c0
Trade executed: 19 units at 74.100000
Trade executed: 19 units at 74.100000
Trade executed: 28 units at 74.100000
Trade executed: 28 units at 74.100000
Order received: e8e6ca11-2c65-4db2-ac76-453539c8b390
Order received: 9571a48a-9fd1-427b-adfc-f768a0e92cef
Order received: 60be3257-1055-40e5-a473-13639a7b4e03
Order received: b93a112a-66dd-460a-af2d-822ccc6a36a4
Order received: b933904e-bf65-42b3-8a04-efb909524c6b
Trade executed: 51 units at 115.180000
Trade executed: 51 units at 115.180000
Order received: 4017be91-ee0b-439f-bfcf-bb6aefe349f1
Trade executed: 9 units at 92.950000
Trade executed: 9 units at 92.950000
Trade executed: 8 units at 92.950000
Trade executed: 8 units at 92.950000
Trade executed: 13 units at 92.950000
Trade executed: 13 units at 92.950000
Order received: 25c40882-c8c4-4f86-bb71-f326d62520d5
Order received: 62a2738d-7a3b-44d2-b591-483eade6407b
Order received: 0a3236a1-d393-40d6-a1fb-1d0f55980342
Trade executed: 30 units at 126.030000
Trade executed: 30 units at 126.030000
Trade executed: 31 units at 129.730000
Trade executed: 31 units at 129.730000
Order received: f46c01fc-2e17-4f26-b3c5-be0e121082e3
Order received: 69d7ecb0-7c9f-4631-a989-bef128863346
Trade executed: 42 units at 122.500000
Trade executed: 42 units at 122.500000
Trade executed: 50 units at 129.730000
Trade executed: 50 units at 129.730000
Order received: 60d5e98f-f38e-4903-8ddd-4c047c349b5d
Trade executed: 17 units at 129.730000
Trade executed: 17 units at 129.730000
Order received: e86537f9-40d8-416e-b823-117552597c0c
Order received: e72aecb5-e16d-49c3-b06c-7a065c251466
Order received: a38793e0-04af-450d-b86a-aa32e8f9a54d
Trade executed: 18 units at 131.250000
Trade executed: 18 units at 131.250000
Order received: f4328fb9-766f-40b4-92b2-4d0e9a4b1371
Order received: 624f0572-0450-4882-85d5-d0335a57342d
Order received: 70087f91-1f8a-42c2-b152-1bb96d870629
Order received: 2cb2e777-0f57-4647-a564-16f5095a471f
Order received: c934ec6a-c4e6-4451-809c-c032dd680536
Trade executed: 37 units at 147.400000
Trade executed: 37 units at 147.400000
Trade executed: 24 units at 154.520000
Trade executed: 24 units at 154.520000
Order received: e57d61ef-4c3e-4646-9896-03feebf0f6e4
Trade executed: 73 units at 154.520000
Trade executed: 73 units at 154.520000
Order received: 52992988-cfad-4ee8-8b88-08537a215d1f
Order received: a286cf5b-d14e-4776-a47d-05b155f9b6e0
Trade executed: 20 units at 104.670000
Trade executed: 20 units at 104.670000
Trade executed: 39 units at 104.670000
Trade executed: 39 units at 104.670000
Trade executed: 2 units at 104.670000
Trade executed: 2 units at 104.670000
Order received: eab7446a-3b35-44db-be73-797398de28cb
Trade executed: 12 units at 99.990000
Trade executed: 12 units at 99.990000
Order received: 0571c3af-9122-4683-90aa-1137247b71a5
Order received: def92ebd-df84-4f73-be53-09aff2d7e50f
Order received: 1c71c64b-aecd-48d8-892d-a72d2bbcc2d9
Order received: f8dccd75-79fc-4af4-9aac-86397943492e
Order received: dc40dde2-9dbe-43d5-b81c-923b4793c60b
Trade executed: 63 units at 64.190000
Trade executed: 63 units at 64.190000
Trade executed: 36 units at 64.190000
Trade executed: 36 units at 64.190000
Order received: db63f112-e111-4732-99c1-12342eb7fdac
Order received: a0ff7dbe-7b05-41ec-a447-b7943cfbb7ca
Trade executed: 3 units at 101.210000
Trade executed: 3 units at 101.210000
Trade executed: 50 units at 101.210000
Trade executed: 50 units at 101.210000
Order received: f2250466-fb55-4550-8efc-ab3b7319030f
Order received: e9efb9dc-1175-4fea-8920-04cf2d972670
Order received: 9a68de80-f6bf-4685-9a19-9d2b7ac03923
Order received: aa7447eb-44b3-460f-be52-43b0fec8b7b3
Trade executed: 81 units at 122.400000
Trade executed: 81 units at 122.400000
Trade executed: 17 units at 125.510000
Trade executed: 17 units at 125.510000
Order received: f22b44c9-04bd-470e-bfe2-8abaff4f55ed
Trade executed: 4 units at 125.510000
Trade executed: 4 units at 125.510000
Trade executed: 38 units at 157.010000
Trade executed: 38 units at 157.010000
Order received: 0e49e2bf-8e24-49b3-a093-f67520856188
Order received: ff878d4c-04eb-42f0-9454-a3962778be80
Trade executed: 31 units at 92.230000
Trade executed: 31 units at 92.230000
Order received: eec1547e-c24f-4112-b52b-7ab3368e5da2
Order received: c574cb93-d60f-4ed4-97a1-e2f0ac36b4b7
Order received: 897a8f69-3648-43d6-af7b-148bed5c6634
Trade executed: 10 units at 107.070000
Trade executed: 10 units at 107.070000
Order received: c7323b09-b688-4c03-85bc-348e78950d0a
Trade executed: 34 units at 68.530000
Trade executed: 34 units at 68.530000
Trade executed: 15 units at 68.530000
Trade executed: 15 units at 68.530000
Order received: 5b8571de-4645-46b3-9128-dcd7c3f2efac
Trade executed: 89 units at 155.950000
Trade executed: 89 units at 155.950000
Trade executed: 2 units at 157.010000
Trade executed: 2 units at 157.010000
Order received: d4d99585-39ab-4599-937d-25c0fc59003d
Trade executed: 4 units at 157.010000
Trade executed: 4 units at 157.010000
Order received: 052f87e5-a093-480f-be29-7f4de83da3c6
Order received: 317d49ac-4d49-4c7f-a5fb-9a3b8840ceaa
Order received: 019e833d-5404-4e76-86d3-67114a571e05
Order received: 25d55081-8401-4a0d-a2f5-e4e8c9713055
Order received: c49e6d74-9c23-4ec9-a9a8-a3d32cbc63e9
Trade executed: 70 units at 109.020000
Trade executed: 70 units at 109.020000
Trade executed: 6 units at 109.020000
Trade executed: 6 units at 109.020000
Order received: bb2f42bb-5e87-48f3-856c-70a9706fab5d
Order received: e89874bb-cb2b-446b-bf1b-be30270e6eac
Order received: e2f00522-c142-45fb-b7fe-965b3c923977
Trade executed: 1 units at 88.240000
Trade executed: 1 units at 88.240000
Trade executed: 87 units at 88.240000
Trade executed: 87 units at 88.240000
Order received: 0a0efe20-5604-4f30-bf6c-72d80fa0d944
Trade executed: 15 units at 109.020000
Trade executed: 15 units at 109.020000
Order received: 1cd64055-a26f-4358-83c9-3017b55a82dc
Order received: 8f6b546b-7973-46b5-9835-e0fafae43e5f
Order received: 62f0c0f5-9c68-494c-8178-07a42e77c772
Order received: da2a7f3f-106a-40b3-802e-81d0604941e7
Trade executed: 52 units at 162.890000
Trade executed: 52 units at 162.890000
Trade executed: 23 units at 166.010000
Trade executed: 23 units at 166.010000
Trade executed: 16 units at 166.660000
Trade executed: 16 units at 166.660000
Order received: 9f612e9f-660b-400b-aace-763c712576e7
Trade executed: 23 units at 99.150000
Trade executed: 23 units at 99.150000
Order received: 1804673d-7adb-4fd2-9c74-660e1ec3a5bd
Order received: 248c4b4f-c758-4b38-82c0-a588b8c5d900
Order received: 363f51ef-c9d6-4d39-96b7-b649bbedec5c
Order received: f4f7e71f-aaef-400f-80ed-b63094bb165f
Order received: f41725de-ccf8-4d4c-a07e-e04b6189bbfb
Trade executed: 16 units at 75.410000
Trade executed: 16 units at 75.410000
Order received: 4fb1a3d6-7cb5-4d48-af45-9f38eabe2b1e
Order received: a73a4bd0-297b-4bf7-9d8a-6d7a71a5c6c2
Order received: ddd98217-3779-49c6-8df1-b53b4def6a03
Order received: 9db0a610-0fcd-46c5-91be-164c59d392bf
Trade executed: 20 units at 124.710000
Trade executed: 20 units at 124.710000
Trade executed: 31 units at 124.710000
Trade executed: 31 units at 124.710000
Trade executed: 5 units at 124.710000
Trade executed: 5 units at 124.710000
Order received: f42d0eaf-0e40-4f4b-ba85-1dacbb823c80
Trade executed: 20 units at 90.020000
Trade executed: 20 units at 90.020000
Trade executed: 4 units at 90.020000
Trade executed: 4 units at 90.020000
Order received: 2ef1ed0d-504d-4ee0-9801-45badd6637fe
Order received: 345fb5d8-3ef4-4ef9-b7fb-d03ec8f68a5f
Trade executed: 24 units at 166.660000
Trade executed: 24 units at 166.660000
Order received: eaf887f6-415b-460c-9fae-2457d269f11c
Trade executed: 37 units at 56.140000
Trade executed: 37 units at 56.140000
Order received: 0758b630-5547-400f-8fd4-1cd0dea82306
Trade executed: 10 units at 143.360000
Trade executed: 10 units at 143.360000
Order received: 9dd58228-94cf-41a6-9997-e53be08494f9
Trade executed: 40 units at 57.090000
Trade executed: 40 units at 57.090000
Order received: 39e084d0-ec71-48ca-9eb3-a9d67953fc4f
Order received: 0126428f-4278-4b5a-9d08-a3fe085aae58
Order received: 74f84642-403e-48e5-bc3b-9aeb11ad1e2c
Trade executed: 29 units at 143.360000
Trade executed: 29 units at 143.360000
Trade executed: 24 units at 166.660000
Trade executed: 24 units at 166.660000
Trade executed: 32 units at 167.800000
Trade executed: 32 units at 167.800000
Order received: 8a5d745c-41b5-4d23-b08d-d0fd9fc43768
Order received: bbb3a6e5-e52c-47f8-b6ae-8b3d91fbe3e1
Trade executed: 31 units at 131.770000
Trade executed: 31 units at 131.770000
Order received: b2377bb5-2d4c-42db-8228-de4bb648c964
Trade executed: 55 units at 131.770000
Trade executed: 55 units at 131.770000
Order received: f16a462f-19e9-4183-a48c-29d100510642
Trade executed: 7 units at 61.550000
Trade executed: 7 units at 61.550000
Trade executed: 10 units at 61.550000
Trade executed: 10 units at 61.550000
Order received: 504b651f-cf33-4ad3-b9be-28ee6f23dece
